Component: ARM Compiler 5.06 update 6 (build 750) Tool: armlink [4d35ed]

==============================================================================

Section Cross References

    main.o(i.main) refers to user_ili9341_lcd.o(i.LCD_Init) for LCD_Init
    main.o(i.main) refers to main.o(i.sw_delay_us) for sw_delay_us
    main.o(i.main) refers to user_ili9341_lcd.o(i.LCD_Clear) for LCD_Clear
    main.o(i.main) refers to user_ili9341_lcd.o(i.LCD_DispStr) for LCD_DispStr
    main.o(i.main) refers to user_usart.o(i.RS485_Init) for RS485_Init
    main.o(i.main) refers to stm32f10x_gpio.o(i.GPIO_ResetBits) for GPIO_ResetBits
    main.o(i.main) refers to misc.o(i.NVIC_PriorityGroupConfig) for NVIC_PriorityGroupConfig
    main.o(i.main) refers to led.o(i.GLED_Init) for GLED_Init
    main.o(i.main) refers to led.o(i.ALED_Init) for ALED_Init
    main.o(i.main) refers to led.o(i.BLED_Init) for BLED_Init
    main.o(i.main) refers to led.o(i.FLED_Init) for FLED_Init
    main.o(i.main) refers to systick_1.o(i.SysTick_Init) for SysTick_Init
    main.o(i.main) refers to key.o(i.KEY_Init) for KEY_Init
    main.o(i.main) refers to exti.o(i.My_EXTI_Init) for My_EXTI_Init
    main.o(i.main) refers to usart.o(i.USART1_Init) for USART1_Init
    main.o(i.main) refers to user_iic.o(i.IIC_GPIO_Init) for IIC_GPIO_Init
    main.o(i.main) refers to sht30.o(i.SHT3X_Init) for SHT3X_Init
    main.o(i.main) refers to user_timer.o(i.TIM3_Init) for TIM3_Init
    main.o(i.main) refers to usart.o(i.esp8266_init) for esp8266_init
    main.o(i.main) refers to usart.o(i.USART3_Init) for USART3_Init
    main.o(i.main) refers to usart.o(i.USART2_Init) for USART2_Init
    main.o(i.main) refers to user_rtc.o(i.RTC_Init) for RTC_Init
    main.o(i.main) refers to esp8266.o(i.WiFi_InitServer) for WiFi_InitServer
    main.o(i.main) refers to systick_1.o(i.delay_ms) for delay_ms
    main.o(i.main) refers to user_ili9341_lcd.o(i.LCD_DisNum) for LCD_DisNum
    main.o(i.main) refers to stm32f10x_gpio.o(i.GPIO_SetBits) for GPIO_SetBits
    main.o(i.main) refers to esp8266.o(i.WiFi_GetIP) for WiFi_GetIP
    main.o(i.main) refers to sht30.o(i.SHT3X_TEST) for SHT3X_TEST
    main.o(i.main) refers to esp8266.o(i.WiFi_JoinAP) for WiFi_JoinAP
    main.o(i.main) refers to ffixui.o(.text) for __aeabi_f2uiz
    main.o(i.main) refers to device.o(i.heat) for heat
    main.o(i.main) refers to device.o(i.damp) for damp
    main.o(i.main) refers to device.o(i.opendoor) for opendoor
    main.o(i.main) refers to user_rtc.o(i.RTC_ReadClock) for RTC_ReadClock
    main.o(i.main) refers to main.o(.data) for retrytimes
    main.o(i.main) refers to user_rtc.o(.data) for g_tRTC
    user_timer.o(i.TIM3_IRQHandler) refers to stm32f10x_tim.o(i.TIM_ClearFlag) for TIM_ClearFlag
    user_timer.o(i.TIM3_IRQHandler) refers to main.o(.data) for reconnecttimes
    user_timer.o(i.TIM3_Init) refers to stm32f10x_rcc.o(i.RCC_APB1PeriphClockCmd) for RCC_APB1PeriphClockCmd
    user_timer.o(i.TIM3_Init) refers to stm32f10x_tim.o(i.TIM_DeInit) for TIM_DeInit
    user_timer.o(i.TIM3_Init) refers to stm32f10x_tim.o(i.TIM_TimeBaseInit) for TIM_TimeBaseInit
    user_timer.o(i.TIM3_Init) refers to stm32f10x_tim.o(i.TIM_ClearFlag) for TIM_ClearFlag
    user_timer.o(i.TIM3_Init) refers to stm32f10x_tim.o(i.TIM_ITConfig) for TIM_ITConfig
    user_timer.o(i.TIM3_Init) refers to stm32f10x_tim.o(i.TIM_Cmd) for TIM_Cmd
    user_timer.o(i.TIM3_Init) refers to misc.o(i.NVIC_PriorityGroupConfig) for NVIC_PriorityGroupConfig
    user_timer.o(i.TIM3_Init) refers to misc.o(i.NVIC_Init) for NVIC_Init
    user_iic.o(i.IIC_Ack) refers to stm32f10x_gpio.o(i.GPIO_ResetBits) for GPIO_ResetBits
    user_iic.o(i.IIC_Ack) refers to user_iic.o(i.sw_delay_us) for sw_delay_us
    user_iic.o(i.IIC_Ack) refers to stm32f10x_gpio.o(i.GPIO_SetBits) for GPIO_SetBits
    user_iic.o(i.IIC_GPIO_Init) refers to stm32f10x_rcc.o(i.RCC_APB2PeriphClockCmd) for RCC_APB2PeriphClockCmd
    user_iic.o(i.IIC_GPIO_Init) refers to stm32f10x_gpio.o(i.GPIO_Init) for GPIO_Init
    user_iic.o(i.IIC_NAck) refers to stm32f10x_gpio.o(i.GPIO_SetBits) for GPIO_SetBits
    user_iic.o(i.IIC_NAck) refers to user_iic.o(i.sw_delay_us) for sw_delay_us
    user_iic.o(i.IIC_NAck) refers to stm32f10x_gpio.o(i.GPIO_ResetBits) for GPIO_ResetBits
    user_iic.o(i.IIC_Read_Byte) refers to stm32f10x_gpio.o(i.GPIO_ResetBits) for GPIO_ResetBits
    user_iic.o(i.IIC_Read_Byte) refers to user_iic.o(i.sw_delay_us) for sw_delay_us
    user_iic.o(i.IIC_Read_Byte) refers to stm32f10x_gpio.o(i.GPIO_SetBits) for GPIO_SetBits
    user_iic.o(i.IIC_Read_Byte) refers to stm32f10x_gpio.o(i.GPIO_ReadInputDataBit) for GPIO_ReadInputDataBit
    user_iic.o(i.IIC_Read_Byte) refers to user_iic.o(i.IIC_NAck) for IIC_NAck
    user_iic.o(i.IIC_Read_Byte) refers to user_iic.o(i.IIC_Ack) for IIC_Ack
    user_iic.o(i.IIC_Send_Byte) refers to stm32f10x_gpio.o(i.GPIO_SetBits) for GPIO_SetBits
    user_iic.o(i.IIC_Send_Byte) refers to stm32f10x_gpio.o(i.GPIO_ResetBits) for GPIO_ResetBits
[...]
    ../clib/microlib/string/memcpy.c         0x00000000   Number         0  memcpyb.o ABSOLUTE
    ../clib/microlib/string/memset.c         0x00000000   Number         0  memseta.o ABSOLUTE
    ../clib/microlib/string/strcmp.c         0x00000000   Number         0  strcmp.o ABSOLUTE
    ../clib/microlib/string/strcpy.c         0x00000000   Number         0  strcpy.o ABSOLUTE
    ../clib/microlib/string/strlen.c         0x00000000   Number         0  strlen.o ABSOLUTE
    ../clib/microlib/string/strstr.c         0x00000000   Number         0  strstr.o ABSOLUTE
    ../clib/microlib/stubs.s                 0x00000000   Number         0  iusefp.o ABSOLUTE
    ../clib/scanf.c                          0x00000000   Number         0  _chval.o ABSOLUTE
    ../clib/scanf.c                          0x00000000   Number         0  _strtoul.o ABSOLUTE
    ../clib/scanf.c                          0x00000000   Number         0  strtol.o ABSOLUTE
    ../clib/scanf.c                          0x00000000   Number         0  atoi.o ABSOLUTE
    ../fplib/microlib/d2f.c                  0x00000000   Number         0  d2f.o ABSOLUTE
    ../fplib/microlib/f2d.c                  0x00000000   Number         0  f2d.o ABSOLUTE
    ../fplib/microlib/fpadd.c                0x00000000   Number         0  dadd.o ABSOLUTE
    ../fplib/microlib/fpadd.c                0x00000000   Number         0  fadd.o ABSOLUTE
    ../fplib/microlib/fpdiv.c                0x00000000   Number         0  ddiv.o ABSOLUTE
    ../fplib/microlib/fpdiv.c                0x00000000   Number         0  fdiv.o ABSOLUTE
    ../fplib/microlib/fpepilogue.c           0x00000000   Number         0  depilogue.o ABSOLUTE
    ../fplib/microlib/fpepilogue.c           0x00000000   Number         0  fepilogue.o ABSOLUTE
    ../fplib/microlib/fpfix.c                0x00000000   Number         0  dfixul.o ABSOLUTE
    ../fplib/microlib/fpfix.c                0x00000000   Number         0  ffixi.o ABSOLUTE
    ../fplib/microlib/fpfix.c                0x00000000   Number         0  ffixui.o ABSOLUTE
    ../fplib/microlib/fpflt.c                0x00000000   Number         0  ffltui.o ABSOLUTE
    ../fplib/microlib/fpflt.c                0x00000000   Number         0  dfltui.o ABSOLUTE
    ../fplib/microlib/fpmul.c                0x00000000   Number         0  fmul.o ABSOLUTE
    ../fplib/microlib/fpmul.c                0x00000000   Number         0  dmul.o ABSOLUTE
    ..\..\项目程序\项目雏形3\Libraries\STM32F10x_StdPeriph_Driver\src\stm32f10x_dbgmcu.c 0x00000000   Number         0  stm32f10x_dbgmcu.o ABSOLUTE
    APP\device\device.c                      0x00000000   Number         0  device.o ABSOLUTE
    APP\esp8266\esp8266.c                    0x00000000   Number         0  esp8266.o ABSOLUTE
    APP\exti\exti.c                          0x00000000   Number         0  exti.o ABSOLUTE
    APP\key\key.c                            0x00000000   Number         0  key.o ABSOLUTE
    APP\led\led.c                            0x00000000   Number         0  led.o ABSOLUTE
    APP\sht30\sht30.c                        0x00000000   Number         0  sht30.o ABSOLUTE
    APP\sht30\user_iic.c                     0x00000000   Number         0  user_iic.o ABSOLUTE
    Libraries\CMSIS\core_cm3.c               0x00000000   Number         0  core_cm3.o ABSOLUTE
    Libraries\CMSIS\startup_stm32f10x_hd.s   0x00000000   Number         0  startup_stm32f10x_hd.o ABSOLUTE
    Libraries\CMSIS\system_stm32f10x.c       0x00000000   Number         0  system_stm32f10x.o ABSOLUTE
    Libraries\STM32F10x_StdPeriph_Driver\src\misc.c 0x00000000   Number         0  misc.o ABSOLUTE
    Libraries\STM32F10x_StdPeriph_Driver\src\stm32f10x_bkp.c 0x00000000   Number         0  stm32f10x_bkp.o ABSOLUTE
    Libraries\STM32F10x_StdPeriph_Driver\src\stm32f10x_exti.c 0x00000000   Number         0  stm32f10x_exti.o ABSOLUTE
    Libraries\STM32F10x_StdPeriph_Driver\src\stm32f10x_fsmc.c 0x00000000   Number         0  stm32f10x_fsmc.o ABSOLUTE
    Libraries\STM32F10x_StdPeriph_Driver\src\stm32f10x_gpio.c 0x00000000   Number         0  stm32f10x_gpio.o ABSOLUTE
    Libraries\STM32F10x_StdPeriph_Driver\src\stm32f10x_pwr.c 0x00000000   Number         0  stm32f10x_pwr.o ABSOLUTE
    Libraries\STM32F10x_StdPeriph_Driver\src\stm32f10x_rcc.c 0x00000000   Number         0  stm32f10x_rcc.o ABSOLUTE
    Libraries\STM32F10x_StdPeriph_Driver\src\stm32f10x_rtc.c 0x00000000   Number         0  stm32f10x_rtc.o ABSOLUTE
    Libraries\STM32F10x_StdPeriph_Driver\src\stm32f10x_tim.c 0x00000000   Number         0  stm32f10x_tim.o ABSOLUTE
    Libraries\STM32F10x_StdPeriph_Driver\src\stm32f10x_usart.c 0x00000000   Number         0  stm32f10x_usart.o ABSOLUTE
    Libraries\\CMSIS\\core_cm3.c             0x00000000   Number         0  core_cm3.o ABSOLUTE
    Public\SysTick.c                         0x00000000   Number         0  systick_1.o ABSOLUTE
    Public\dht11.c                           0x00000000   Number         0  dht11.o ABSOLUTE
    Public\system.c                          0x00000000   Number         0  system.o ABSOLUTE
    Public\usart.c                           0x00000000   Number         0  usart.o ABSOLUTE
    Public\user_ili9341_lcd.c                0x00000000   Number         0  user_ili9341_lcd.o ABSOLUTE
    Public\user_rtc.c                        0x00000000   Number         0  user_rtc.o ABSOLUTE
    Public\user_usart.c                      0x00000000   Number         0  user_usart.o ABSOLUTE
    User\main.c                              0x00000000   Number         0  main.o ABSOLUTE
    User\stm32f10x_it.c                      0x00000000   Number         0  stm32f10x_it.o ABSOLUTE
    User\user_timer.c                        0x00000000   Number         0  user_timer.o ABSOLUTE
    cdrcmple.s                               0x00000000   Number         0  cdrcmple.o ABSOLUTE
    dc.s                                     0x00000000   Number         0  dc.o ABSOLUTE
    handlers.s                               0x00000000   Number         0  handlers.o ABSOLUTE
    init.s                                   0x00000000   Number         0  init.o ABSOLUTE
    RESET                                    0x08000000   Section      304  startup_stm32f10x_hd.o(RESET)
    .ARM.Collect$$$$00000000                 0x08000130   Section        0  entry.o(.ARM.Collect$$$$00000000)
    .ARM.Collect$$$$00000001                 0x08000130   Section        4  entry2.o(.ARM.Collect$$$$00000001)
    .ARM.Collect$$$$00000004                 0x08000134   Section        4  entry5.o(.ARM.Collect$$$$00000004)
    .ARM.Collect$$$$00000008                 0x08000138   Section        0  entry7b.o(.ARM.Collect$$$$00000008)
    .ARM.Collect$$$$0000000A                 0x08000138   Section        0  entry8b.o(.ARM.Collect$$$$0000000A)
    .ARM.Collect$$$$0000000B                 0x08000138   Section        8  entry9a.o(.ARM.Collect$$$$0000000B)
    .ARM.Collect$$$$0000000D                 0x08000140   Section        0  entry10a.o(.ARM.Collect$$$$0000000D)
    .ARM.Collect$$$$0000000F                 0x08000140   Section        0  entry11a.o(.ARM.Collect$$$$0000000F)
    .ARM.Collect$$$$00002712                 0x08000140   Section        4  entry2.o(.ARM.Collect$$$$00002712)
    __lit__00000000                          0x08000140   Data           4  entry2.o(.ARM.Collect$$$$00002712)
    .text                                    0x08000144   Section       36  startup_stm32f10x_hd.o(.text)
    .text                                    0x08000168   Section        0  memcpya.o(.text)
    .text                                    0x0800018c   Section        0  memseta.o(.text)
    .text                                    0x080001b0   Section        0  strstr.o(.text)
    .text                                    0x080001d4   Section        0  strlen.o(.text)
    .text                                    0x080001e2   Section        0  strcmp.o(.text)
    .text                                    0x080001fe   Section        0  strcpy.o(.text)
    .text                                    0x08000210   Section        0  atoi.o(.text)
    .text                                    0x0800022a   Section        0  fadd.o(.text)
    .text                                    0x080002da   Section        0  fmul.o(.text)
    .text                                    0x0800033e   Section        0  fdiv.o(.text)
    .text                                    0x080003ba   Section        0  dadd.o(.text)
    .text                                    0x08000508   Section        0  dmul.o(.text)
    .text                                    0x080005ec   Section        0  ffltui.o(.text)
    .text                                    0x080005f6   Section        0  dfltui.o(.text)
    .text                                    0x08000610   Section        0  ffixi.o(.text)
    .text                                    0x08000642   Section        0  ffixui.o(.text)
    .text                                    0x0800066a   Section        0  f2d.o(.text)
    .text                                    0x08000690   Section        0  d2f.o(.text)
    .text                                    0x080006c8   Section        0  uidiv.o(.text)
    .text                                    0x080006f4   Section        0  uldiv.o(.text)
    .text                                    0x08000756   Section        0  llshl.o(.text)
    .text                                    0x08000774   Section        0  llsshr.o(.text)
    .text                                    0x08000798   Section        0  strtol.o(.text)
    .text                                    0x08000808   Section        0  iusefp.o(.text)
    .text                                    0x08000808   Section        0  fepilogue.o(.text)
    .text                                    0x08000876   Section        0  depilogue.o(.text)
    .text                                    0x08000930   Section        0  ddiv.o(.text)
    .text                                    0x08000a0e   Section        0  dfixul.o(.text)
    .text                                    0x08000a40   Section       48  cdrcmple.o(.text)
    .text                                    0x08000a70   Section       36  init.o(.text)
    .text                                    0x08000a94   Section        0  llushr.o(.text)
    .text                                    0x08000ab4   Section        0  ctype_o.o(.text)
    .text                                    0x08000abc   Section        0  _strtoul.o(.text)
    .text                                    0x08000b5a   Section        0  _chval.o(.text)
    i.ALED_Init                              0x08000b78   Section        0  led.o(i.ALED_Init)
    i.BKP_DeInit                             0x08000bb0   Section        0  stm32f10x_bkp.o(i.BKP_DeInit)
    i.BKP_ReadBackupRegister                 0x08000bc0   Section        0  stm32f10x_bkp.o(i.BKP_ReadBackupRegister)
    i.BKP_WriteBackupRegister                0x08000bdc   Section        0  stm32f10x_bkp.o(i.BKP_WriteBackupRegister)
    i.BLED_Init                              0x08000bf8   Section        0  led.o(i.BLED_Init)
    i.BusFault_Handler                       0x08000c30   Section        0  stm32f10x_it.o(i.BusFault_Handler)
    i.DebugMon_Handler                       0x08000c34   Section        0  stm32f10x_it.o(i.DebugMon_Handler)
    i.EXTI0_IRQHandler                       0x08000c38   Section        0  exti.o(i.EXTI0_IRQHandler)
    i.EXTI2_IRQHandler                       0x08000c4c   Section        0  exti.o(i.EXTI2_IRQHandler)
    i.EXTI3_IRQHandler                       0x08000c60   Section        0  exti.o(i.EXTI3_IRQHandler)
    i.EXTI4_IRQHandler                       0x08000c74   Section        0  exti.o(i.EXTI4_IRQHandler)
    i.EXTI9_5_IRQHandler                     0x08000c88   Section        0  exti.o(i.EXTI9_5_IRQHandler)
    i.EXTI_ClearITPendingBit                 0x08000c9c   Section        0  stm32f10x_exti.o(i.EXTI_ClearITPendingBit)
    i.EXTI_Init                              0x08000ca8   Section        0  stm32f10x_exti.o(i.EXTI_Init)
    i.FLED_Init                              0x08000d3c   Section        0  led.o(i.FLED_Init)
    i.FSMC_NORSRAMCmd                        0x08000d78   Section        0  stm32f10x_fsmc.o(i.FSMC_NORSRAMCmd)
    i.FSMC_NORSRAMInit                       0x08000dac   Section        0  stm32f10x_fsmc.o(i.FSMC_NORSRAMInit)
    i.GLED_Init                              0x08000e94   Section        0  led.o(i.GLED_Init)
    i.GPIO_EXTILineConfig                    0x08000ecc   Section        0  stm32f10x_gpio.o(i.GPIO_EXTILineConfig)
    i.GPIO_Init                              0x08000f0c   Section        0  stm32f10x_gpio.o(i.GPIO_Init)
    i.GPIO_ReadInputDataBit                  0x08001022   Section        0  stm32f10x_gpio.o(i.GPIO_ReadInputDataBit)
    i.GPIO_ResetBits                         0x08001034   Section        0  stm32f10x_gpio.o(i.GPIO_ResetBits)
    i.GPIO_SetBits                           0x08001038   Section        0  stm32f10x_gpio.o(i.GPIO_SetBits)
    i.HardFault_Handler                      0x0800103c   Section        0  stm32f10x_it.o(i.HardFault_Handler)
    i.IIC_Ack                                0x08001040   Section        0  user_iic.o(i.IIC_Ack)
    i.IIC_GPIO_Init                          0x0800107c   Section        0  user_iic.o(i.IIC_GPIO_Init)
    i.IIC_NAck                               0x080010a8   Section        0  user_iic.o(i.IIC_NAck)
    i.IIC_Read_Byte                          0x080010dc   Section        0  user_iic.o(i.IIC_Read_Byte)
    i.IIC_Send_Byte                          0x08001130   Section        0  user_iic.o(i.IIC_Send_Byte)
    i.IIC_Start                              0x08001190   Section        0  user_iic.o(i.IIC_Start)
    i.IIC_Stop                               0x080011e8   Section        0  user_iic.o(i.IIC_Stop)
    i.IIC_Wait_Ack                           0x08001214   Section        0  user_iic.o(i.IIC_Wait_Ack)
    i.KEY_Init                               0x0800126c   Section        0  key.o(i.KEY_Init)
    i.LCD_Clear                              0x080012b4   Section        0  user_ili9341_lcd.o(i.LCD_Clear)
    i.LCD_DisNum                             0x08001324   Section        0  user_ili9341_lcd.o(i.LCD_DisNum)
    i.LCD_DispChar                           0x0800138c   Section        0  user_ili9341_lcd.o(i.LCD_DispChar)
    i.LCD_DispStr                            0x080013fc   Section        0  user_ili9341_lcd.o(i.LCD_DispStr)
    i.LCD_FSMC_Config                        0x08001438   Section        0  user_ili9341_lcd.o(i.LCD_FSMC_Config)
    i.LCD_GPIO_Config                        0x08001498   Section        0  user_ili9341_lcd.o(i.LCD_GPIO_Config)
    i.LCD_Init                               0x08001558   Section        0  user_ili9341_lcd.o(i.LCD_Init)
    i.LCD_OpenWindow                         0x0800156c   Section        0  user_ili9341_lcd.o(i.LCD_OpenWindow)
    i.LCD_REG_Config                         0x080015bc   Section        0  user_ili9341_lcd.o(i.LCD_REG_Config)
    i.LCD_Rst                                0x08001734   Section        0  user_ili9341_lcd.o(i.LCD_Rst)
    i.MemManage_Handler                      0x0800175c   Section        0  stm32f10x_it.o(i.MemManage_Handler)
    i.My_EXTI_Init                           0x08001760   Section        0  exti.o(i.My_EXTI_Init)
    i.NMI_Handler                            0x0800185e   Section        0  stm32f10x_it.o(i.NMI_Handler)
    i.NVIC_Init                              0x08001860   Section        0  misc.o(i.NVIC_Init)
    i.NVIC_PriorityGroupConfig               0x080018d0   Section        0  misc.o(i.NVIC_PriorityGroupConfig)
    i.PWR_BackupAccessCmd                    0x080018e4   Section        0  stm32f10x_pwr.o(i.PWR_BackupAccessCmd)
    i.PendSV_Handler                         0x080018f0   Section        0  stm32f10x_it.o(i.PendSV_Handler)
    i.RCC_AHBPeriphClockCmd                  0x080018f4   Section        0  stm32f10x_rcc.o(i.RCC_AHBPeriphClockCmd)
    i.RCC_APB1PeriphClockCmd                 0x08001914   Section        0  stm32f10x_rcc.o(i.RCC_APB1PeriphClockCmd)
    i.RCC_APB1PeriphResetCmd                 0x08001934   Section        0  stm32f10x_rcc.o(i.RCC_APB1PeriphResetCmd)
    i.RCC_APB2PeriphClockCmd                 0x08001954   Section        0  stm32f10x_rcc.o(i.RCC_APB2PeriphClockCmd)
    i.RCC_APB2PeriphResetCmd                 0x08001974   Section        0  stm32f10x_rcc.o(i.RCC_APB2PeriphResetCmd)
    i.RCC_BackupResetCmd                     0x08001994   Section        0  stm32f10x_rcc.o(i.RCC_BackupResetCmd)
    i.RCC_ClearFlag                          0x080019a0   Section        0  stm32f10x_rcc.o(i.RCC_ClearFlag)
    i.RCC_GetClocksFreq                      0x080019b4   Section        0  stm32f10x_rcc.o(i.RCC_GetClocksFreq)
    i.RCC_GetFlagStatus                      0x08001a88   Section        0  stm32f10x_rcc.o(i.RCC_GetFlagStatus)
    i.RCC_LSEConfig                          0x08001ac4   Section        0  stm32f10x_rcc.o(i.RCC_LSEConfig)
    i.RCC_RTCCLKCmd                          0x08001af8   Section        0  stm32f10x_rcc.o(i.RCC_RTCCLKCmd)
    i.RCC_RTCCLKConfig                       0x08001b04   Section        0  stm32f10x_rcc.o(i.RCC_RTCCLKConfig)
    i.RS485_Init                             0x08001b14   Section        0  user_usart.o(i.RS485_Init)
    i.RTC_EnterConfigMode                    0x08001c00   Section        0  stm32f10x_rtc.o(i.RTC_EnterConfigMode)
    i.RTC_ExitConfigMode                     0x08001c14   Section        0  stm32f10x_rtc.o(i.RTC_ExitConfigMode)
    i.RTC_GetCounter                         0x08001c28   Section        0  stm32f10x_rtc.o(i.RTC_GetCounter)
    i.RTC_ITConfig                           0x08001c3c   Section        0  stm32f10x_rtc.o(i.RTC_ITConfig)
    i.RTC_Init                               0x08001c5c   Section        0  user_rtc.o(i.RTC_Init)
    i.RTC_ReadClock                          0x08001d68   Section        0  user_rtc.o(i.RTC_ReadClock)
    i.RTC_SetCounter                         0x08001e9c   Section        0  stm32f10x_rtc.o(i.RTC_SetCounter)
    i.RTC_SetPrescaler                       0x08001eb8   Section        0  stm32f10x_rtc.o(i.RTC_SetPrescaler)
    i.RTC_WaitForLastTask                    0x08001ed8   Section        0  stm32f10x_rtc.o(i.RTC_WaitForLastTask)
    i.RTC_WaitForSynchro                     0x08001eec   Section        0  stm32f10x_rtc.o(i.RTC_WaitForSynchro)
    i.RTC_WriteClock                         0x08001f10   Section        0  user_rtc.o(i.RTC_WriteClock)
    i.SHT3X_CalcRH                           0x08002014   Section        0  sht30.o(i.SHT3X_CalcRH)
    i.SHT3X_CalcTemperature                  0x08002040   Section        0  sht30.o(i.SHT3X_CalcTemperature)
    i.SHT3X_Init                             0x08002078   Section        0  sht30.o(i.SHT3X_Init)
    i.SHT3X_SetPeriodicMeasurement           0x0800208c   Section        0  sht30.o(i.SHT3X_SetPeriodicMeasurement)
    i.SHT3X_TEST                             0x08002098   Section        0  sht30.o(i.SHT3X_TEST)
    i.SHT3X_WriteCMD                         0x0800235c   Section        0  sht30.o(i.SHT3X_WriteCMD)
    i.SHT3x_CheckCrc                         0x0800239a   Section        0  sht30.o(i.SHT3x_CheckCrc)
    i.SHX3X_ReadResults                      0x080023e4   Section        0  sht30.o(i.SHX3X_ReadResults)
    i.SVC_Handler                            0x0800248e   Section        0  stm32f10x_it.o(i.SVC_Handler)
    i.SetSysClock                            0x08002490   Section        0  system_stm32f10x.o(i.SetSysClock)
    SetSysClock                              0x08002491   Thumb Code     8  system_stm32f10x.o(i.SetSysClock)
    i.SetSysClockTo72                        0x08002498   Section        0  system_stm32f10x.o(i.SetSysClockTo72)
    SetSysClockTo72                          0x08002499   Thumb Code   214  system_stm32f10x.o(i.SetSysClockTo72)
    i.SysTick_CLKSourceConfig                0x08002578   Section        0  misc.o(i.SysTick_CLKSourceConfig)
    i.SysTick_Handler                        0x080025a0   Section        0  stm32f10x_it.o(i.SysTick_Handler)
    i.SysTick_Init                           0x080025a4   Section        0  systick_1.o(i.SysTick_Init)
    i.SystemInit                             0x080025e0   Section        0  system_stm32f10x.o(i.SystemInit)
    i.TIM3_IRQHandler                        0x08002640   Section        0  user_timer.o(i.TIM3_IRQHandler)
    i.TIM3_Init                              0x0800266c   Section        0  user_timer.o(i.TIM3_Init)
    i.TIM_ClearFlag                          0x080026e4   Section        0  stm32f10x_tim.o(i.TIM_ClearFlag)
    i.TIM_Cmd                                0x080026ea   Section        0  stm32f10x_tim.o(i.TIM_Cmd)
    i.TIM_DeInit                             0x08002704   Section        0  stm32f10x_tim.o(i.TIM_DeInit)
    i.TIM_ITConfig                           0x080028ec   Section        0  stm32f10x_tim.o(i.TIM_ITConfig)
    i.TIM_TimeBaseInit                       0x08002900   Section        0  stm32f10x_tim.o(i.TIM_TimeBaseInit)
    i.USART1_IRQHandler                      0x080029a4   Section        0  usart.o(i.USART1_IRQHandler)
    i.USART1_Init                            0x08002a28   Section        0  usart.o(i.USART1_Init)
    i.USART2_IRQHandler                      0x08002ad8   Section        0  usart.o(i.USART2_IRQHandler)
    i.USART2_Init                            0x08002b4c   Section        0  usart.o(i.USART2_Init)
    i.USART3_IRQHandler                      0x08002c18   Section        0  usart.o(i.USART3_IRQHandler)
    i.USART3_Init                            0x08002dd4   Section        0  usart.o(i.USART3_Init)
    i.USART_ClearFlag                        0x08002e68   Section        0  stm32f10x_usart.o(i.USART_ClearFlag)
    i.USART_ClearITPendingBit                0x08002e7a   Section        0  stm32f10x_usart.o(i.USART_ClearITPendingBit)
    i.USART_ClockInit                        0x08002e98   Section        0  stm32f10x_usart.o(i.USART_ClockInit)
    i.USART_Cmd                              0x08002eba   Section        0  stm32f10x_usart.o(i.USART_Cmd)
    i.USART_DeInit                           0x08002ed4   Section        0  stm32f10x_usart.o(i.USART_DeInit)
    i.USART_GetFlagStatus                    0x08002f70   Section        0  stm32f10x_usart.o(i.USART_GetFlagStatus)
    i.USART_GetITStatus                      0x08002f8a   Section        0  stm32f10x_usart.o(i.USART_GetITStatus)
    i.USART_ITConfig                         0x08002fde   Section        0  stm32f10x_usart.o(i.USART_ITConfig)
    i.USART_Init                             0x08003028   Section        0  stm32f10x_usart.o(i.USART_Init)
    i.USART_ReceiveData                      0x08003100   Section        0  stm32f10x_usart.o(i.USART_ReceiveData)
    i.USART_SendData                         0x0800310a   Section        0  stm32f10x_usart.o(i.USART_SendData)
    i.UsageFault_Handler                     0x08003112   Section        0  stm32f10x_it.o(i.UsageFault_Handler)
    i.WiFi_GetIP                             0x08003118   Section        0  esp8266.o(i.WiFi_GetIP)
    i.WiFi_InitServer                        0x080031fc   Section        0  esp8266.o(i.WiFi_InitServer)
    i.WiFi_JoinAP                            0x08003544   Section        0  esp8266.o(i.WiFi_JoinAP)
    i.WiFi_SendCmd                           0x08003614   Section        0  esp8266.o(i.WiFi_SendCmd)
    i.__0printf                              0x0800367c   Section        0  printfa.o(i.__0printf)
    i.__0sprintf                             0x0800369c   Section        0  printfa.o(i.__0sprintf)
    i.__0vsprintf                            0x080036c4   Section        0  printfa.o(i.__0vsprintf)
    i.__aeabi_errno_addr                     0x080036e8   Section        0  errno.o(i.__aeabi_errno_addr)
    i.__scatterload_copy                     0x080036f0   Section       14  handlers.o(i.__scatterload_copy)
    i.__scatterload_null                     0x080036fe   Section        2  handlers.o(i.__scatterload_null)
    i.__scatterload_zeroinit                 0x08003700   Section       14  handlers.o(i.__scatterload_zeroinit)
    i._fp_digits                             0x08003710   Section        0  printfa.o(i._fp_digits)
    _fp_digits                               0x08003711   Thumb Code   366  printfa.o(i._fp_digits)
    i._printf_core                           0x08003894   Section        0  printfa.o(i._printf_core)
    _printf_core                             0x08003895   Thumb Code  1744  printfa.o(i._printf_core)
    i._printf_post_padding                   0x08003f70   Section        0  printfa.o(i._printf_post_padding)
    _printf_post_padding                     0x08003f71   Thumb Code    36  printfa.o(i._printf_post_padding)
    i._printf_pre_padding                    0x08003f94   Section        0  printfa.o(i._printf_pre_padding)
    _printf_pre_padding                      0x08003f95   Thumb Code    46  printfa.o(i._printf_pre_padding)
    i._sputc                                 0x08003fc2   Section        0  printfa.o(i._sputc)
    _sputc                                   0x08003fc3   Thumb Code    10  printfa.o(i._sputc)
    i.damp                                   0x08003fcc   Section        0  device.o(i.damp)
    i.delay_ms                               0x0800400c   Section        0  systick_1.o(i.delay_ms)
    i.esp8266_init                           0x08004058   Section        0  usart.o(i.esp8266_init)
    i.fputc                                  0x080040c0   Section        0  user_usart.o(i.fputc)
    i.heat                                   0x080040e4   Section        0  device.o(i.heat)
    i.main                                   0x0800413c   Section        0  main.o(i.main)
    i.opendoor                               0x080044cc   Section        0  device.o(i.opendoor)
    i.sw_delay_ms                            0x0800450c   Section        0  user_ili9341_lcd.o(i.sw_delay_ms)
    sw_delay_ms                              0x0800450d   Thumb Code    18  user_ili9341_lcd.o(i.sw_delay_ms)
    i.sw_delay_ms                            0x0800451e   Section        0  sht30.o(i.sw_delay_ms)
    sw_delay_ms                              0x0800451f   Thumb Code    18  sht30.o(i.sw_delay_ms)
    i.sw_delay_us                            0x08004530   Section        0  main.o(i.sw_delay_us)
    sw_delay_us                              0x08004531   Thumb Code   144  main.o(i.sw_delay_us)
    i.sw_delay_us                            0x080045c0   Section        0  user_iic.o(i.sw_delay_us)
    sw_delay_us                              0x080045c1   Thumb Code   144  user_iic.o(i.sw_delay_us)
    i.sw_delay_us                            0x08004650   Section        0  user_ili9341_lcd.o(i.sw_delay_us)
    sw_delay_us                              0x08004651   Thumb Code   144  user_ili9341_lcd.o(i.sw_delay_us)
    i.sw_delay_us                            0x080046e0   Section        0  sht30.o(i.sw_delay_us)
    sw_delay_us                              0x080046e1   Thumb Code   144  sht30.o(i.sw_delay_us)
    i.u3_printf                              0x08004770   Section        0  usart.o(i.u3_printf)
    .constdata                               0x080047cc   Section     1140  user_ili9341_lcd.o(.constdata)
    .constdata                               0x08004c40   Section       12  user_rtc.o(.constdata)
    .constdata                               0x08004c4c   Section      129  ctype_o.o(.constdata)
    .constdata                               0x08004cd0   Section        4  ctype_o.o(.constdata)
    table                                    0x08004cd0   Data           4  ctype_o.o(.constdata)
    .conststring                             0x08004cd4   Section      385  esp8266.o(.conststring)
    .conststring                             0x08004e58   Section      706  sht30.o(.conststring)
    .conststring                             0x0800511c   Section      225  usart.o(.conststring)
    .data                                    0x20000000   Section       49  main.o(.data)
    .data                                    0x20000031   Section       20  stm32f10x_rcc.o(.data)
    APBAHBPrescTable                         0x20000031   Data          16  stm32f10x_rcc.o(.data)
    ADCPrescTable                            0x20000041   Data           4  stm32f10x_rcc.o(.data)
    .data                                    0x20000048   Section       14  sht30.o(.data)
    .data                                    0x20000056   Section        4  systick_1.o(.data)
    fac_us                                   0x20000056   Data           1  systick_1.o(.data)
    fac_ms                                   0x20000058   Data           2  systick_1.o(.data)
    .data                                    0x2000005a   Section       10  user_rtc.o(.data)
    daycnt                                   0x20000062   Data           2  user_rtc.o(.data)
    .data                                    0x20000064   Section        4  stdout.o(.data)
    .data                                    0x20000068   Section        4  errno.o(.data)
    _errno                                   0x20000068   Data           4  errno.o(.data)
    .bss                                     0x2000006c   Section     1024  main.o(.bss)
    .bss                                     0x20000470   Section     1024  usart.o(.bss)
    STACK                                    0x20000870   Section     1024  startup_stm32f10x_hd.o(STACK)

    Global Symbols

    Symbol Name                              Value     Ov Type        Size  Object(Section)

    BuildAttributes$$THM_ISAv4$P$D$K$B$S$PE$A:L22UL41UL21$X:L11$S22US41US21$IEEE1$IW$USESV6$~STKCKD$USESV7$~SHL$OTIME$ROPI$EBA8$MICROLIB$REQ8$PRES8$EABIv2 0x00000000   Number         0  anon$$obj.o ABSOLUTE
    __ARM_use_no_argv                        0x00000000   Number         0  main.o ABSOLUTE
    _printf_a                                0x00000000   Number         0  stubs.o ABSOLUTE
    _printf_c                                0x00000000   Number         0  stubs.o ABSOLUTE
    _printf_charcount                        0x00000000   Number         0  stubs.o ABSOLUTE
    _printf_d                                0x00000000   Number         0  stubs.o ABSOLUTE
    _printf_e                                0x00000000   Number         0  stubs.o ABSOLUTE
    _printf_f                                0x00000000   Number         0  stubs.o ABSOLUTE
    _printf_flags                            0x00000000   Number         0  stubs.o ABSOLUTE
    _printf_fp_dec                           0x00000000   Number         0  stubs.o ABSOLUTE
    _printf_fp_hex                           0x00000000   Number         0  stubs.o ABSOLUTE
    _printf_g                                0x00000000   Number         0  stubs.o ABSOLUTE
    _printf_i                                0x00000000   Number         0  stubs.o ABSOLUTE
    _printf_int_dec                          0x00000000   Number         0  stubs.o ABSOLUTE
    _printf_l                                0x00000000   Number         0  stubs.o ABSOLUTE
    _printf_lc                               0x00000000   Number         0  stubs.o ABSOLUTE
    _printf_ll                               0x00000000   Number         0  stubs.o ABSOLUTE
    _printf_lld                              0x00000000   Number         0  stubs.o ABSOLUTE
    _printf_lli                              0x00000000   Number         0  stubs.o ABSOLUTE
    _printf_llo                              0x00000000   Number         0  stubs.o ABSOLUTE
    _printf_llu                              0x00000000   Number         0  stubs.o ABSOLUTE
    _printf_llx                              0x00000000   Number         0  stubs.o ABSOLUTE
    _printf_longlong_dec                     0x00000000   Number         0  stubs.o ABSOLUTE
    _printf_longlong_hex                     0x00000000   Number         0  stubs.o ABSOLUTE
    _printf_longlong_oct                     0x00000000   Number         0  stubs.o ABSOLUTE
    _printf_ls                               0x00000000   Number         0  stubs.o ABSOLUTE
    _printf_mbtowc                           0x00000000   Number         0  stubs.o ABSOLUTE
    _printf_n                                0x00000000   Number         0  stubs.o ABSOLUTE
    _printf_o                                0x00000000   Number         0  stubs.o ABSOLUTE
    _printf_p                                0x00000000   Number         0  stubs.o ABSOLUTE
    _printf_percent                          0x00000000   Number         0  stubs.o ABSOLUTE
    _printf_pre_padding                      0x00000000   Number         0  stubs.o ABSOLUTE
    _printf_return_value                     0x00000000   Number         0  stubs.o ABSOLUTE
    _printf_s                                0x00000000   Number         0  stubs.o ABSOLUTE
    _printf_sizespec                         0x00000000   Number         0  stubs.o ABSOLUTE
    _printf_str                              0x00000000   Number         0  stubs.o ABSOLUTE
    _printf_truncate_signed                  0x00000000   Number         0  stubs.o ABSOLUTE
    _printf_truncate_unsigned                0x00000000   Number         0  stubs.o ABSOLUTE
    _printf_u                                0x00000000   Number         0  stubs.o ABSOLUTE
    _printf_wc                               0x00000000   Number         0  stubs.o ABSOLUTE
    _printf_wctomb                           0x00000000   Number         0  stubs.o ABSOLUTE
    _printf_widthprec                        0x00000000   Number         0  stubs.o ABSOLUTE
    _printf_x                                0x00000000   Number         0  stubs.o ABSOLUTE
    __cpp_initialize__aeabi_                  - Undefined Weak Reference
    __cxa_finalize                            - Undefined Weak Reference
    __decompress                              - Undefined Weak Reference
    _clock_init                               - Undefined Weak Reference
    _microlib_exit                            - Undefined Weak Reference
    __Vectors_Size                           0x00000130   Number         0  startup_stm32f10x_hd.o ABSOLUTE
    __Vectors                                0x08000000   Data           4  startup_stm32f10x_hd.o(RESET)
    __Vectors_End                            0x08000130   Data           0  startup_stm32f10x_hd.o(RESET)
    __main                                   0x08000131   Thumb Code     0  entry.o(.ARM.Collect$$$$00000000)
    _main_stk                                0x08000131   Thumb Code     0  entry2.o(.ARM.Collect$$$$00000001)
    _main_scatterload                        0x08000135   Thumb Code     0  entry5.o(.ARM.Collect$$$$00000004)
    __main_after_scatterload                 0x08000139   Thumb Code     0  entry5.o(.ARM.Collect$$$$00000004)
    _main_clock                              0x08000139   Thumb Code     0  entry7b.o(.ARM.Collect$$$$00000008)
    _main_cpp_init                           0x08000139   Thumb Code     0  entry8b.o(.ARM.Collect$$$$0000000A)
    _main_init                               0x08000139   Thumb Code     0  entry9a.o(.ARM.Collect$$$$0000000B)
    __rt_final_cpp                           0x08000141   Thumb Code     0  entry10a.o(.ARM.Collect$$$$0000000D)
    __rt_final_exit                          0x08000141   Thumb Code     0  entry11a.o(.ARM.Collect$$$$0000000F)
    Reset_Handler                            0x08000145   Thumb Code     8  startup_stm32f10x_hd.o(.text)
    ADC1_2_IRQHandler                        0x0800015f   Thumb Code     0  startup_stm32f10x_hd.o(.text)
    ADC3_IRQHandler                          0x0800015f   Thumb Code     0  startup_stm32f10x_hd.o(.text)
    CAN1_RX1_IRQHandler                      0x0800015f   Thumb Code     0  startup_stm32f10x_hd.o(.text)
    CAN1_SCE_IRQHandler                      0x0800015f   Thumb Code     0  startup_stm32f10x_hd.o(.text)
    DMA1_Channel1_IRQHandler                 0x0800015f   Thumb Code     0  startup_stm32f10x_hd.o(.text)
    DMA1_Channel2_IRQHandler                 0x0800015f   Thumb Code     0  startup_stm32f10x_hd.o(.text)
    DMA1_Channel3_IRQHandler                 0x0800015f   Thumb Code     0  startup_stm32f10x_hd.o(.text)
    DMA1_Channel4_IRQHandler                 0x0800015f   Thumb Code     0  startup_stm32f10x_hd.o(.text)
    DMA1_Channel5_IRQHandler                 0x0800015f   Thumb Code     0  startup_stm32f10x_hd.o(.text)
    DMA1_Channel6_IRQHandler                 0x0800015f   Thumb Code     0  startup_stm32f10x_hd.o(.text)
    DMA1_Channel7_IRQHandler                 0x0800015f   Thumb Code     0  startup_stm32f10x_hd.o(.text)
    DMA2_Channel1_IRQHandler                 0x0800015f   Thumb Code     0  startup_stm32f10x_hd.o(.text)
    DMA2_Channel2_IRQHandler                 0x0800015f   Thumb Code     0  startup_stm32f10x_hd.o(.text)
    DMA2_Channel3_IRQHandler                 0x0800015f   Thumb Code     0  startup_stm32f10x_hd.o(.text)
    DMA2_Channel4_5_IRQHandler               0x0800015f   Thumb Code     0  startup_stm32f10x_hd.o(.text)
    EXTI15_10_IRQHandler                     0x0800015f   Thumb Code     0  startup_stm32f10x_hd.o(.text)
    EXTI1_IRQHandler                         0x0800015f   Thumb Code     0  startup_stm32f10x_hd.o(.text)
    FLASH_IRQHandler                         0x0800015f   Thumb Code     0  startup_stm32f10x_hd.o(.text)
    FSMC_IRQHandler                          0x0800015f   Thumb Code     0  startup_stm32f10x_hd.o(.text)
    I2C1_ER_IRQHandler                       0x0800015f   Thumb Code     0  startup_stm32f10x_hd.o(.text)
    I2C1_EV_IRQHandler                       0x0800015f   Thumb Code     0  startup_stm32f10x_hd.o(.text)
    I2C2_ER_IRQHandler                       0x0800015f   Thumb Code     0  startup_stm32f10x_hd.o(.text)
    I2C2_EV_IRQHandler                       0x0800015f   Thumb Code     0  startup_stm32f10x_hd.o(.text)
    PVD_IRQHandler                           0x0800015f   Thumb Code     0  startup_stm32f10x_hd.o(.text)
    RCC_IRQHandler                           0x0800015f   Thumb Code     0  startup_stm32f10x_hd.o(.text)
    RTCAlarm_IRQHandler                      0x0800015f   Thumb Code     0  startup_stm32f10x_hd.o(.text)
    RTC_IRQHandler                           0x0800015f   Thumb Code     0  startup_stm32f10x_hd.o(.text)
    SDIO_IRQHandler                          0x0800015f   Thumb Code     0  startup_stm32f10x_hd.o(.text)
    SPI1_IRQHandler                          0x0800015f   Thumb Code     0  startup_stm32f10x_hd.o(.text)
    SPI2_IRQHandler                          0x0800015f   Thumb Code     0  startup_stm32f10x_hd.o(.text)
    SPI3_IRQHandler                          0x0800015f   Thumb Code     0  startup_stm32f10x_hd.o(.text)
    TAMPER_IRQHandler                        0x0800015f   Thumb Code     0  startup_stm32f10x_hd.o(.text)
    TIM1_BRK_IRQHandler                      0x0800015f   Thumb Code     0  startup_stm32f10x_hd.o(.text)
    TIM1_CC_IRQHandler                       0x0800015f   Thumb Code     0  startup_stm32f10x_hd.o(.text)
    TIM1_TRG_COM_IRQHandler                  0x0800015f   Thumb Code     0  startup_stm32f10x_hd.o(.text)
    TIM1_UP_IRQHandler                       0x0800015f   Thumb Code     0  startup_stm32f10x_hd.o(.text)
    TIM2_IRQHandler                          0x0800015f   Thumb Code     0  startup_stm32f10x_hd.o(.text)
    TIM4_IRQHandler                          0x0800015f   Thumb Code     0  startup_stm32f10x_hd.o(.text)
    TIM5_IRQHandler                          0x0800015f   Thumb Code     0  startup_stm32f10x_hd.o(.text)
    TIM6_IRQHandler                          0x0800015f   Thumb Code     0  startup_stm32f10x_hd.o(.text)
    TIM7_IRQHandler                          0x0800015f   Thumb Code     0  startup_stm32f10x_hd.o(.text)
    TIM8_BRK_IRQHandler                      0x0800015f   Thumb Code     0  startup_stm32f10x_hd.o(.text)
    TIM8_CC_IRQHandler                       0x0800015f   Thumb Code     0  startup_stm32f10x_hd.o(.text)
    TIM8_TRG_COM_IRQHandler                  0x0800015f   Thumb Code     0  startup_stm32f10x_hd.o(.text)
    TIM8_UP_IRQHandler                       0x0800015f   Thumb Code     0  startup_stm32f10x_hd.o(.text)
    UART4_IRQHandler                         0x0800015f   Thumb Code     0  startup_stm32f10x_hd.o(.text)
    UART5_IRQHandler                         0x0800015f   Thumb Code     0  startup_stm32f10x_hd.o(.text)
    USBWakeUp_IRQHandler                     0x0800015f   Thumb Code     0  startup_stm32f10x_hd.o(.text)
    USB_HP_CAN1_TX_IRQHandler                0x0800015f   Thumb Code     0  startup_stm32f10x_hd.o(.text)
    USB_LP_CAN1_RX0_IRQHandler               0x0800015f   Thumb Code     0  startup_stm32f10x_hd.o(.text)
    WWDG_IRQHandler                          0x0800015f   Thumb Code     0  startup_stm32f10x_hd.o(.text)
    __aeabi_memcpy                           0x08000169   Thumb Code    36  memcpya.o(.text)
    __aeabi_memcpy4                          0x08000169   Thumb Code     0  memcpya.o(.text)
    __aeabi_memcpy8                          0x08000169   Thumb Code     0  memcpya.o(.text)
    __aeabi_memset                           0x0800018d   Thumb Code    14  memseta.o(.text)
    __aeabi_memset4                          0x0800018d   Thumb Code     0  memseta.o(.text)
    __aeabi_memset8                          0x0800018d   Thumb Code     0  memseta.o(.text)
    __aeabi_memclr                           0x0800019b   Thumb Code     4  memseta.o(.text)
    __aeabi_memclr4                          0x0800019b   Thumb Code     0  memseta.o(.text)
    __aeabi_memclr8                          0x0800019b   Thumb Code     0  memseta.o(.text)
    _memset$wrapper                          0x0800019f   Thumb Code    18  memseta.o(.text)
    strstr                                   0x080001b1   Thumb Code    36  strstr.o(.text)
    strlen                                   0x080001d5   Thumb Code    14  strlen.o(.text)
    strcmp                                   0x080001e3   Thumb Code    28  strcmp.o(.text)
    strcpy                                   0x080001ff   Thumb Code    18  strcpy.o(.text)
    atoi                                     0x08000211   Thumb Code    26  atoi.o(.text)
    __aeabi_fadd                             0x0800022b   Thumb Code   164  fadd.o(.text)
    __aeabi_fsub                             0x080002cf   Thumb Code     6  fadd.o(.text)
    __aeabi_frsub                            0x080002d5   Thumb Code     6  fadd.o(.text)
    __aeabi_fmul                             0x080002db   Thumb Code   100  fmul.o(.text)
    __aeabi_fdiv                             0x0800033f   Thumb Code   124  fdiv.o(.text)
    __aeabi_dadd                             0x080003bb   Thumb Code   322  dadd.o(.text)
    __aeabi_dsub                             0x080004fd   Thumb Code     6  dadd.o(.text)
    __aeabi_drsub                            0x08000503   Thumb Code     6  dadd.o(.text)
    __aeabi_dmul                             0x08000509   Thumb Code   228  dmul.o(.text)
    __aeabi_ui2f                             0x080005ed   Thumb Code    10  ffltui.o(.text)
    __aeabi_ui2d                             0x080005f7   Thumb Code    26  dfltui.o(.text)
    __aeabi_f2iz                             0x08000611   Thumb Code    50  ffixi.o(.text)
    __aeabi_f2uiz                            0x08000643   Thumb Code    40  ffixui.o(.text)
    __aeabi_f2d                              0x0800066b   Thumb Code    38  f2d.o(.text)
    __aeabi_d2f                              0x08000691   Thumb Code    56  d2f.o(.text)
    __aeabi_uidiv                            0x080006c9   Thumb Code     0  uidiv.o(.text)
    __aeabi_uidivmod                         0x080006c9   Thumb Code    44  uidiv.o(.text)
    __aeabi_uldivmod                         0x080006f5   Thumb Code    98  uldiv.o(.text)
    __aeabi_llsl                             0x08000757   Thumb Code    30  llshl.o(.text)
    _ll_shift_l                              0x08000757   Thumb Code     0  llshl.o(.text)
    __aeabi_lasr                             0x08000775   Thumb Code    36  llsshr.o(.text)
    _ll_sshift_r                             0x08000775   Thumb Code     0  llsshr.o(.text)
    strtol                                   0x08000799   Thumb Code   112  strtol.o(.text)
    __I$use$fp                               0x08000809   Thumb Code     0  iusefp.o(.text)
    _float_round                             0x08000809   Thumb Code    18  fepilogue.o(.text)
    _float_epilogue                          0x0800081b   Thumb Code    92  fepilogue.o(.text)
    _double_round                            0x08000877   Thumb Code    30  depilogue.o(.text)
    _double_epilogue                         0x08000895   Thumb Code   156  depilogue.o(.text)
    __aeabi_ddiv                             0x08000931   Thumb Code   222  ddiv.o(.text)
    __aeabi_d2ulz                            0x08000a0f   Thumb Code    48  dfixul.o(.text)
    __aeabi_cdrcmple                         0x08000a41   Thumb Code    48  cdrcmple.o(.text)
    __scatterload                            0x08000a71   Thumb Code    28  init.o(.text)
    __scatterload_rt2                        0x08000a71   Thumb Code     0  init.o(.text)
    __aeabi_llsr                             0x08000a95   Thumb Code    32  llushr.o(.text)
    _ll_ushift_r                             0x08000a95   Thumb Code     0  llushr.o(.text)
    __rt_ctype_table                         0x08000ab5   Thumb Code     4  ctype_o.o(.text)
    _strtoul                                 0x08000abd   Thumb Code   158  _strtoul.o(.text)
    _chval                                   0x08000b5b   Thumb Code    28  _chval.o(.text)
    ALED_Init                                0x08000b79   Thumb Code    50  led.o(i.ALED_Init)
    BKP_DeInit                               0x08000bb1   Thumb Code    16  stm32f10x_bkp.o(i.BKP_DeInit)
    BKP_ReadBackupRegister                   0x08000bc1   Thumb Code    24  stm32f10x_bkp.o(i.BKP_ReadBackupRegister)
    BKP_WriteBackupRegister                  0x08000bdd   Thumb Code    22  stm32f10x_bkp.o(i.BKP_WriteBackupRegister)
    BLED_Init                                0x08000bf9   Thumb Code    50  led.o(i.BLED_Init)
    BusFault_Handler                         0x08000c31   Thumb Code     4  stm32f10x_it.o(i.BusFault_Handler)
    DebugMon_Handler                         0x08000c35   Thumb Code     2  stm32f10x_it.o(i.DebugMon_Handler)
    EXTI0_IRQHandler                         0x08000c39   Thumb Code    14  exti.o(i.EXTI0_IRQHandler)
    EXTI2_IRQHandler                         0x08000c4d   Thumb Code    16  exti.o(i.EXTI2_IRQHandler)
    EXTI3_IRQHandler                         0x08000c61   Thumb Code    16  exti.o(i.EXTI3_IRQHandler)
    EXTI4_IRQHandler                         0x08000c75   Thumb Code    16  exti.o(i.EXTI4_IRQHandler)
    EXTI9_5_IRQHandler                       0x08000c89   Thumb Code    16  exti.o(i.EXTI9_5_IRQHandler)
    EXTI_ClearITPendingBit                   0x08000c9d   Thumb Code     6  stm32f10x_exti.o(i.EXTI_ClearITPendingBit)
    EXTI_Init                                0x08000ca9   Thumb Code   142  stm32f10x_exti.o(i.EXTI_Init)
    FLED_Init                                0x08000d3d   Thumb Code    50  led.o(i.FLED_Init)
    FSMC_NORSRAMCmd                          0x08000d79   Thumb Code    46  stm32f10x_fsmc.o(i.FSMC_NORSRAMCmd)
    FSMC_NORSRAMInit                         0x08000dad   Thumb Code   230  stm32f10x_fsmc.o(i.FSMC_NORSRAMInit)
    GLED_Init                                0x08000e95   Thumb Code    50  led.o(i.GLED_Init)
    GPIO_EXTILineConfig                      0x08000ecd   Thumb Code    60  stm32f10x_gpio.o(i.GPIO_EXTILineConfig)
    GPIO_Init                                0x08000f0d   Thumb Code   278  stm32f10x_gpio.o(i.GPIO_Init)
    GPIO_ReadInputDataBit                    0x08001023   Thumb Code    18  stm32f10x_gpio.o(i.GPIO_ReadInputDataBit)
    GPIO_ResetBits                           0x08001035   Thumb Code     4  stm32f10x_gpio.o(i.GPIO_ResetBits)
    GPIO_SetBits                             0x08001039   Thumb Code     4  stm32f10x_gpio.o(i.GPIO_SetBits)
    HardFault_Handler                        0x0800103d   Thumb Code     4  stm32f10x_it.o(i.HardFault_Handler)
    IIC_Ack                                  0x08001041   Thumb Code    54  user_iic.o(i.IIC_Ack)
    IIC_GPIO_Init                            0x0800107d   Thumb Code    38  user_iic.o(i.IIC_GPIO_Init)
    IIC_NAck                                 0x080010a9   Thumb Code    46  user_iic.o(i.IIC_NAck)
    IIC_Read_Byte                            0x080010dd   Thumb Code    80  user_iic.o(i.IIC_Read_Byte)
    IIC_Send_Byte                            0x08001131   Thumb Code    92  user_iic.o(i.IIC_Send_Byte)
    IIC_Start                                0x08001191   Thumb Code    84  user_iic.o(i.IIC_Start)
    IIC_Stop                                 0x080011e9   Thumb Code    40  user_iic.o(i.IIC_Stop)
    IIC_Wait_Ack                             0x08001215   Thumb Code    84  user_iic.o(i.IIC_Wait_Ack)
    KEY_Init                                 0x0800126d   Thumb Code    64  key.o(i.KEY_Init)
    LCD_Clear                                0x080012b5   Thumb Code   106  user_ili9341_lcd.o(i.LCD_Clear)
    LCD_DisNum                               0x08001325   Thumb Code   104  user_ili9341_lcd.o(i.LCD_DisNum)
    LCD_DispChar                             0x0800138d   Thumb Code   104  user_ili9341_lcd.o(i.LCD_DispChar)
    LCD_DispStr                              0x080013fd   Thumb Code    60  user_ili9341_lcd.o(i.LCD_DispStr)
    LCD_FSMC_Config                          0x08001439   Thumb Code    94  user_ili9341_lcd.o(i.LCD_FSMC_Config)
    LCD_GPIO_Config                          0x08001499   Thumb Code   178  user_ili9341_lcd.o(i.LCD_GPIO_Config)
    LCD_Init                                 0x08001559   Thumb Code    20  user_ili9341_lcd.o(i.LCD_Init)
    LCD_OpenWindow                           0x0800156d   Thumb Code    76  user_ili9341_lcd.o(i.LCD_OpenWindow)
    LCD_REG_Config                           0x080015bd   Thumb Code   372  user_ili9341_lcd.o(i.LCD_REG_Config)
    LCD_Rst                                  0x08001735   Thumb Code    36  user_ili9341_lcd.o(i.LCD_Rst)
    MemManage_Handler                        0x0800175d   Thumb Code     4  stm32f10x_it.o(i.MemManage_Handler)
    My_EXTI_Init                             0x08001761   Thumb Code   254  exti.o(i.My_EXTI_Init)
    NMI_Handler                              0x0800185f   Thumb Code     2  stm32f10x_it.o(i.NMI_Handler)
    NVIC_Init                                0x08001861   Thumb Code   100  misc.o(i.NVIC_Init)
    NVIC_PriorityGroupConfig                 0x080018d1   Thumb Code    10  misc.o(i.NVIC_PriorityGroupConfig)
    PWR_BackupAccessCmd                      0x080018e5   Thumb Code     6  stm32f10x_pwr.o(i.PWR_BackupAccessCmd)
    PendSV_Handler                           0x080018f1   Thumb Code     2  stm32f10x_it.o(i.PendSV_Handler)
    RCC_AHBPeriphClockCmd                    0x080018f5   Thumb Code    26  stm32f10x_rcc.o(i.RCC_AHBPeriphClockCmd)
    RCC_APB1PeriphClockCmd                   0x08001915   Thumb Code    26  stm32f10x_rcc.o(i.RCC_APB1PeriphClockCmd)
    RCC_APB1PeriphResetCmd                   0x08001935   Thumb Code    26  stm32f10x_rcc.o(i.RCC_APB1PeriphResetCmd)
    RCC_APB2PeriphClockCmd                   0x08001955   Thumb Code    26  stm32f10x_rcc.o(i.RCC_APB2PeriphClockCmd)
    RCC_APB2PeriphResetCmd                   0x08001975   Thumb Code    26  stm32f10x_rcc.o(i.RCC_APB2PeriphResetCmd)
    RCC_BackupResetCmd                       0x08001995   Thumb Code     6  stm32f10x_rcc.o(i.RCC_BackupResetCmd)
    RCC_ClearFlag                            0x080019a1   Thumb Code    14  stm32f10x_rcc.o(i.RCC_ClearFlag)
    RCC_GetClocksFreq                        0x080019b5   Thumb Code   192  stm32f10x_rcc.o(i.RCC_GetClocksFreq)
    RCC_GetFlagStatus                        0x08001a89   Thumb Code    56  stm32f10x_rcc.o(i.RCC_GetFlagStatus)
    RCC_LSEConfig                            0x08001ac5   Thumb Code    46  stm32f10x_rcc.o(i.RCC_LSEConfig)
    RCC_RTCCLKCmd                            0x08001af9   Thumb Code     6  stm32f10x_rcc.o(i.RCC_RTCCLKCmd)
    RCC_RTCCLKConfig                         0x08001b05   Thumb Code    12  stm32f10x_rcc.o(i.RCC_RTCCLKConfig)
    RS485_Init                               0x08001b15   Thumb Code   222  user_usart.o(i.RS485_Init)
    RTC_EnterConfigMode                      0x08001c01   Thumb Code    14  stm32f10x_rtc.o(i.RTC_EnterConfigMode)
    RTC_ExitConfigMode                       0x08001c15   Thumb Code    16  stm32f10x_rtc.o(i.RTC_ExitConfigMode)
    RTC_GetCounter                           0x08001c29   Thumb Code    16  stm32f10x_rtc.o(i.RTC_GetCounter)
    RTC_ITConfig                             0x08001c3d   Thumb Code    26  stm32f10x_rtc.o(i.RTC_ITConfig)
    RTC_Init                                 0x08001c5d   Thumb Code   194  user_rtc.o(i.RTC_Init)
    RTC_ReadClock                            0x08001d69   Thumb Code   292  user_rtc.o(i.RTC_ReadClock)
    RTC_SetCounter                           0x08001e9d   Thumb Code    24  stm32f10x_rtc.o(i.RTC_SetCounter)
    RTC_SetPrescaler                         0x08001eb9   Thumb Code    26  stm32f10x_rtc.o(i.RTC_SetPrescaler)
    RTC_WaitForLastTask                      0x08001ed9   Thumb Code    16  stm32f10x_rtc.o(i.RTC_WaitForLastTask)
    RTC_WaitForSynchro                       0x08001eed   Thumb Code    30  stm32f10x_rtc.o(i.RTC_WaitForSynchro)
    RTC_WriteClock                           0x08001f11   Thumb Code   242  user_rtc.o(i.RTC_WriteClock)
    SHT3X_CalcRH                             0x08002015   Thumb Code    36  sht30.o(i.SHT3X_CalcRH)
    SHT3X_CalcTemperature                    0x08002041   Thumb Code    44  sht30.o(i.SHT3X_CalcTemperature)
    SHT3X_Init                               0x08002079   Thumb Code    20  sht30.o(i.SHT3X_Init)
    SHT3X_SetPeriodicMeasurement             0x0800208d   Thumb Code    12  sht30.o(i.SHT3X_SetPeriodicMeasurement)
    SHT3X_TEST                               0x08002099   Thumb Code   560  sht30.o(i.SHT3X_TEST)
    SHT3X_WriteCMD                           0x0800235d   Thumb Code    62  sht30.o(i.SHT3X_WriteCMD)
    SHT3x_CheckCrc                           0x0800239b   Thumb Code    74  sht30.o(i.SHT3x_CheckCrc)
    SHX3X_ReadResults                        0x080023e5   Thumb Code   170  sht30.o(i.SHX3X_ReadResults)
    SVC_Handler                              0x0800248f   Thumb Code     2  stm32f10x_it.o(i.SVC_Handler)
    SysTick_CLKSourceConfig                  0x08002579   Thumb Code    40  misc.o(i.SysTick_CLKSourceConfig)
    SysTick_Handler                          0x080025a1   Thumb Code     2  stm32f10x_it.o(i.SysTick_Handler)
    SysTick_Init                             0x080025a5   Thumb Code    52  systick_1.o(i.SysTick_Init)
    SystemInit                               0x080025e1   Thumb Code    78  system_stm32f10x.o(i.SystemInit)
    TIM3_IRQHandler                          0x08002641   Thumb Code    32  user_timer.o(i.TIM3_IRQHandler)
    TIM3_Init                                0x0800266d   Thumb Code   116  user_timer.o(i.TIM3_Init)
    TIM_ClearFlag                            0x080026e5   Thumb Code     6  stm32f10x_tim.o(i.TIM_ClearFlag)
    TIM_Cmd                                  0x080026eb   Thumb Code    24  stm32f10x_tim.o(i.TIM_Cmd)
    TIM_DeInit                               0x08002705   Thumb Code   424  stm32f10x_tim.o(i.TIM_DeInit)
    TIM_ITConfig                             0x080028ed   Thumb Code    18  stm32f10x_tim.o(i.TIM_ITConfig)
    TIM_TimeBaseInit                         0x08002901   Thumb Code   122  stm32f10x_tim.o(i.TIM_TimeBaseInit)
    USART1_IRQHandler                        0x080029a5   Thumb Code   116  usart.o(i.USART1_IRQHandler)
    USART1_Init                              0x08002a29   Thumb Code   166  usart.o(i.USART1_Init)
    USART2_IRQHandler                        0x08002ad9   Thumb Code   100  usart.o(i.USART2_IRQHandler)
    USART2_Init                              0x08002b4d   Thumb Code   196  usart.o(i.USART2_Init)
    USART3_IRQHandler                        0x08002c19   Thumb Code   292  usart.o(i.USART3_IRQHandler)
    USART3_Init                              0x08002dd5   Thumb Code   144  usart.o(i.USART3_Init)
    USART_ClearFlag                          0x08002e69   Thumb Code    18  stm32f10x_usart.o(i.USART_ClearFlag)
    USART_ClearITPendingBit                  0x08002e7b   Thumb Code    30  stm32f10x_usart.o(i.USART_ClearITPendingBit)
    USART_ClockInit                          0x08002e99   Thumb Code    34  stm32f10x_usart.o(i.USART_ClockInit)
    USART_Cmd                                0x08002ebb   Thumb Code    24  stm32f10x_usart.o(i.USART_Cmd)
    USART_DeInit                             0x08002ed5   Thumb Code   134  stm32f10x_usart.o(i.USART_DeInit)
    USART_GetFlagStatus                      0x08002f71   Thumb Code    26  stm32f10x_usart.o(i.USART_GetFlagStatus)
    USART_GetITStatus                        0x08002f8b   Thumb Code    84  stm32f10x_usart.o(i.USART_GetITStatus)
    USART_ITConfig                           0x08002fdf   Thumb Code    74  stm32f10x_usart.o(i.USART_ITConfig)
    USART_Init                               0x08003029   Thumb Code   210  stm32f10x_usart.o(i.USART_Init)
    USART_ReceiveData                        0x08003101   Thumb Code    10  stm32f10x_usart.o(i.USART_ReceiveData)
    USART_SendData                           0x0800310b   Thumb Code     8  stm32f10x_usart.o(i.USART_SendData)
    UsageFault_Handler                       0x08003113   Thumb Code     4  stm32f10x_it.o(i.UsageFault_Handler)
    WiFi_GetIP                               0x08003119   Thumb Code   158  esp8266.o(i.WiFi_GetIP)
    WiFi_InitServer                          0x080031fd   Thumb Code   274  esp8266.o(i.WiFi_InitServer)
    WiFi_JoinAP                              0x08003545   Thumb Code   106  esp8266.o(i.WiFi_JoinAP)
    WiFi_SendCmd                             0x08003615   Thumb Code    78  esp8266.o(i.WiFi_SendCmd)
    __0printf                                0x0800367d   Thumb Code    22  printfa.o(i.__0printf)
    __1printf                                0x0800367d   Thumb Code     0  printfa.o(i.__0printf)
    __2printf                                0x0800367d   Thumb Code     0  printfa.o(i.__0printf)
    __c89printf                              0x0800367d   Thumb Code     0  printfa.o(i.__0printf)
    printf                                   0x0800367d   Thumb Code     0  printfa.o(i.__0printf)
    __0sprintf                               0x0800369d   Thumb Code    34  printfa.o(i.__0sprintf)
    __1sprintf                               0x0800369d   Thumb Code     0  printfa.o(i.__0sprintf)
    __2sprintf                               0x0800369d   Thumb Code     0  printfa.o(i.__0sprintf)
    __c89sprintf                             0x0800369d   Thumb Code     0  printfa.o(i.__0sprintf)
    sprintf                                  0x0800369d   Thumb Code     0  printfa.o(i.__0sprintf)
    __0vsprintf                              0x080036c5   Thumb Code    30  printfa.o(i.__0vsprintf)
    __1vsprintf                              0x080036c5   Thumb Code     0  printfa.o(i.__0vsprintf)
    __2vsprintf                              0x080036c5   Thumb Code     0  printfa.o(i.__0vsprintf)
    __c89vsprintf                            0x080036c5   Thumb Code     0  printfa.o(i.__0vsprintf)
    vsprintf                                 0x080036c5   Thumb Code     0  printfa.o(i.__0vsprintf)
    __aeabi_errno_addr                       0x080036e9   Thumb Code     4  errno.o(i.__aeabi_errno_addr)
    __rt_errno_addr                          0x080036e9   Thumb Code     0  errno.o(i.__aeabi_errno_addr)
    __scatterload_copy                       0x080036f1   Thumb Code    14  handlers.o(i.__scatterload_copy)
    __scatterload_null                       0x080036ff   Thumb Code     2  handlers.o(i.__scatterload_null)
    __scatterload_zeroinit                   0x08003701   Thumb Code    14  handlers.o(i.__scatterload_zeroinit)
    damp                                     0x08003fcd   Thumb Code    54  device.o(i.damp)
    delay_ms                                 0x0800400d   Thumb Code    72  systick_1.o(i.delay_ms)
    esp8266_init                             0x08004059   Thumb Code    96  usart.o(i.esp8266_init)
    fputc                                    0x080040c1   Thumb Code    32  user_usart.o(i.fputc)
    heat                                     0x080040e5   Thumb Code    78  device.o(i.heat)
    main                                     0x0800413d   Thumb Code   738  main.o(i.main)
    opendoor                                 0x080044cd   Thumb Code    58  device.o(i.opendoor)
    u3_printf                                0x08004771   Thumb Code    84  usart.o(i.u3_printf)
    asc2_1206                                0x080047cc   Data        1140  user_ili9341_lcd.o(.constdata)
    month_table                              0x08004c40   Data          12  user_rtc.o(.constdata)
    __ctype_table                            0x08004c4c   Data         129  ctype_o.o(.constdata)
    Region$$Table$$Base                      0x08005200   Number         0  anon$$obj.o(Region$$Table)
    Region$$Table$$Limit                     0x08005220   Number         0  anon$$obj.o(Region$$Table)
    i                                        0x20000000   Data           4  main.o(.data)
    temp                                     0x20000004   Data           4  main.o(.data)
    humi                                     0x20000008   Data           4  main.o(.data)
    settemp                                  0x2000000c   Data          10  main.o(.data)
    sethumi                                  0x20000016   Data          10  main.o(.data)
    empty_flag                               0x20000020   Data           1  main.o(.data)
    open_flag                                0x20000021   Data           1  main.o(.data)
    blue                                     0x20000022   Data           1  main.o(.data)
    count                                    0x20000024   Data           4  main.o(.data)
    WiFi_RxCounter                           0x20000028   Data           4  main.o(.data)
    My_mode                                  0x2000002c   Data           1  main.o(.data)
    connection                               0x2000002d   Data           1  main.o(.data)
    retrytimes                               0x2000002e   Data           1  main.o(.data)
    times                                    0x2000002f   Data           1  main.o(.data)
    reconnecttimes                           0x20000030   Data           1  main.o(.data)
    temperatureC                             0x20000048   Data           4  sht30.o(.data)
    humidityRH                               0x2000004c   Data           4  sht30.o(.data)
    buffer                                   0x20000050   Data           6  sht30.o(.data)
    g_tRTC                                   0x2000005a   Data           8  user_rtc.o(.data)
    __stdout                                 0x20000064   Data           4  stdout.o(.data)
    WiFi_RX_BUF                              0x2000006c   Data        1024  main.o(.bss)
    USART3_TxBuff                            0x20000470   Data        1024  usart.o(.bss)
    __initial_sp                             0x20000c70   Data           0  startup_stm32f10x_hd.o(STACK)



==============================================================================

Memory Map of the image

  Image Entry point : 0x08000131

  Load Region LR_IROM1 (Base: 0x08000000, Size: 0x0000528c, Max: 0x00080000, ABSOLUTE)

    Execution Region ER_IROM1 (Exec base: 0x08000000, Load base: 0x08000000, Size: 0x00005220, Max: 0x00080000, ABSOLUTE)

    Exec Addr    Load Addr    Size         Type   Attr      Idx    E Section Name        Object

    0x08000000   0x08000000   0x00000130   Data   RO          344    RESET               startup_stm32f10x_hd.o
    0x08000130   0x08000130   0x00000000   Code   RO         2504  * .ARM.Collect$$$$00000000  mc_w.l(entry.o)
    0x08000130   0x08000130   0x00000004   Code   RO         2806    .ARM.Collect$$$$00000001  mc_w.l(entry2.o)
    0x08000134   0x08000134   0x00000004   Code   RO         2809    .ARM.Collect$$$$00000004  mc_w.l(entry5.o)
    0x08000138   0x08000138   0x00000000   Code   RO         2811    .ARM.Collect$$$$00000008  mc_w.l(entry7b.o)
    0x08000138   0x08000138   0x00000000   Code   RO         2813    .ARM.Collect$$$$0000000A  mc_w.l(entry8b.o)
    0x08000138   0x08000138   0x00000008   Code   RO         2814    .ARM.Collect$$$$0000000B  mc_w.l(entry9a.o)
    0x08000140   0x08000140   0x00000000   Code   RO         2816    .ARM.Collect$$$$0000000D  mc_w.l(entry10a.o)
    0x08000140   0x08000140   0x00000000   Code   RO         2818    .ARM.Collect$$$$0000000F  mc_w.l(entry11a.o)
    0x08000140   0x08000140   0x00000004   Code   RO         2807    .ARM.Collect$$$$00002712  mc_w.l(entry2.o)
    0x08000144   0x08000144   0x00000024   Code   RO          345    .text               startup_stm32f10x_hd.o
    0x08000168   0x08000168   0x00000024   Code   RO         2507    .text               mc_w.l(memcpya.o)
    0x0800018c   0x0800018c   0x00000024   Code   RO         2509    .text               mc_w.l(memseta.o)
    0x080001b0   0x080001b0   0x00000024   Code   RO         2511    .text               mc_w.l(strstr.o)
    0x080001d4   0x080001d4   0x0000000e   Code   RO         2513    .text               mc_w.l(strlen.o)
    0x080001e2   0x080001e2   0x0000001c   Code   RO         2515    .text               mc_w.l(strcmp.o)
    0x080001fe   0x080001fe   0x00000012   Code   RO         2517    .text               mc_w.l(strcpy.o)
    0x08000210   0x08000210   0x0000001a   Code   RO         2782    .text               mc_w.l(atoi.o)
    0x0800022a   0x0800022a   0x000000b0   Code   RO         2784    .text               mf_w.l(fadd.o)
    0x080002da   0x080002da   0x00000064   Code   RO         2786    .text               mf_w.l(fmul.o)
    0x0800033e   0x0800033e   0x0000007c   Code   RO         2788    .text               mf_w.l(fdiv.o)
    0x080003ba   0x080003ba   0x0000014e   Code   RO         2790    .text               mf_w.l(dadd.o)
    0x08000508   0x08000508   0x000000e4   Code   RO         2792    .text               mf_w.l(dmul.o)
    0x080005ec   0x080005ec   0x0000000a   Code   RO         2794    .text               mf_w.l(ffltui.o)
    0x080005f6   0x080005f6   0x0000001a   Code   RO         2796    .text               mf_w.l(dfltui.o)
    0x08000610   0x08000610   0x00000032   Code   RO         2798    .text               mf_w.l(ffixi.o)
    0x08000642   0x08000642   0x00000028   Code   RO         2800    .text               mf_w.l(ffixui.o)
    0x0800066a   0x0800066a   0x00000026   Code   RO         2802    .text               mf_w.l(f2d.o)
    0x08000690   0x08000690   0x00000038   Code   RO         2804    .text               mf_w.l(d2f.o)
    0x080006c8   0x080006c8   0x0000002c   Code   RO         2821    .text               mc_w.l(uidiv.o)
    0x080006f4   0x080006f4   0x00000062   Code   RO         2823    .text               mc_w.l(uldiv.o)
    0x08000756   0x08000756   0x0000001e   Code   RO         2825    .text               mc_w.l(llshl.o)
    0x08000774   0x08000774   0x00000024   Code   RO         2827    .text               mc_w.l(llsshr.o)
    0x08000798   0x08000798   0x00000070   Code   RO         2836    .text               mc_w.l(strtol.o)
    0x08000808   0x08000808   0x00000000   Code   RO         2838    .text               mc_w.l(iusefp.o)
    0x08000808   0x08000808   0x0000006e   Code   RO         2839    .text               mf_w.l(fepilogue.o)
    0x08000876   0x08000876   0x000000ba   Code   RO         2841    .text               mf_w.l(depilogue.o)
    0x08000930   0x08000930   0x000000de   Code   RO         2843    .text               mf_w.l(ddiv.o)
    0x08000a0e   0x08000a0e   0x00000030   Code   RO         2845    .text               mf_w.l(dfixul.o)
    0x08000a3e   0x08000a3e   0x00000002   PAD
    0x08000a40   0x08000a40   0x00000030   Code   RO         2847    .text               mf_w.l(cdrcmple.o)
    0x08000a70   0x08000a70   0x00000024   Code   RO         2849    .text               mc_w.l(init.o)
    0x08000a94   0x08000a94   0x00000020   Code   RO         2851    .text               mc_w.l(llushr.o)
    0x08000ab4   0x08000ab4   0x00000008   Code   RO         2853    .text               mc_w.l(ctype_o.o)
    0x08000abc   0x08000abc   0x0000009e   Code   RO         2881    .text               mc_w.l(_strtoul.o)
    0x08000b5a   0x08000b5a   0x0000001c   Code   RO         2883    .text               mc_w.l(_chval.o)
    0x08000b76   0x08000b76   0x00000002   PAD
    0x08000b78   0x08000b78   0x00000038   Code   RO         1778    i.ALED_Init         led.o
    0x08000bb0   0x08000bb0   0x00000010   Code   RO         1544    i.BKP_DeInit        stm32f10x_bkp.o
    0x08000bc0   0x08000bc0   0x0000001c   Code   RO         1549    i.BKP_ReadBackupRegister  stm32f10x_bkp.o
    0x08000bdc   0x08000bdc   0x0000001c   Code   RO         1553    i.BKP_WriteBackupRegister  stm32f10x_bkp.o
    0x08000bf8   0x08000bf8   0x00000038   Code   RO         1779    i.BLED_Init         led.o
    0x08000c30   0x08000c30   0x00000004   Code   RO          166    i.BusFault_Handler  stm32f10x_it.o
    0x08000c34   0x08000c34   0x00000002   Code   RO          167    i.DebugMon_Handler  stm32f10x_it.o
    0x08000c36   0x08000c36   0x00000002   PAD
    0x08000c38   0x08000c38   0x00000014   Code   RO         1833    i.EXTI0_IRQHandler  exti.o
    0x08000c4c   0x08000c4c   0x00000014   Code   RO         1834    i.EXTI2_IRQHandler  exti.o
    0x08000c60   0x08000c60   0x00000014   Code   RO         1835    i.EXTI3_IRQHandler  exti.o
    0x08000c74   0x08000c74   0x00000014   Code   RO         1836    i.EXTI4_IRQHandler  exti.o
    0x08000c88   0x08000c88   0x00000014   Code   RO         1837    i.EXTI9_5_IRQHandler  exti.o
    0x08000c9c   0x08000c9c   0x0000000c   Code   RO          701    i.EXTI_ClearITPendingBit  stm32f10x_exti.o
    0x08000ca8   0x08000ca8   0x00000094   Code   RO          706    i.EXTI_Init         stm32f10x_exti.o
    0x08000d3c   0x08000d3c   0x0000003c   Code   RO         1780    i.FLED_Init         led.o
    0x08000d78   0x08000d78   0x00000034   Code   RO         2006    i.FSMC_NORSRAMCmd   stm32f10x_fsmc.o
    0x08000dac   0x08000dac   0x000000e6   Code   RO         2008    i.FSMC_NORSRAMInit  stm32f10x_fsmc.o
    0x08000e92   0x08000e92   0x00000002   PAD
    0x08000e94   0x08000e94   0x00000038   Code   RO         1781    i.GLED_Init         led.o
    0x08000ecc   0x08000ecc   0x00000040   Code   RO          353    i.GPIO_EXTILineConfig  stm32f10x_gpio.o
    0x08000f0c   0x08000f0c   0x00000116   Code   RO          356    i.GPIO_Init         stm32f10x_gpio.o
    0x08001022   0x08001022   0x00000012   Code   RO          360    i.GPIO_ReadInputDataBit  stm32f10x_gpio.o
    0x08001034   0x08001034   0x00000004   Code   RO          363    i.GPIO_ResetBits    stm32f10x_gpio.o
    0x08001038   0x08001038   0x00000004   Code   RO          364    i.GPIO_SetBits      stm32f10x_gpio.o
    0x0800103c   0x0800103c   0x00000004   Code   RO          168    i.HardFault_Handler  stm32f10x_it.o
    0x08001040   0x08001040   0x0000003c   Code   RO          277    i.IIC_Ack           user_iic.o
    0x0800107c   0x0800107c   0x0000002c   Code   RO          278    i.IIC_GPIO_Init     user_iic.o
    0x080010a8   0x080010a8   0x00000034   Code   RO          279    i.IIC_NAck          user_iic.o
    0x080010dc   0x080010dc   0x00000054   Code   RO          280    i.IIC_Read_Byte     user_iic.o
    0x08001130   0x08001130   0x00000060   Code   RO          281    i.IIC_Send_Byte     user_iic.o
    0x08001190   0x08001190   0x00000058   Code   RO          282    i.IIC_Start         user_iic.o
    0x080011e8   0x080011e8   0x0000002c   Code   RO          283    i.IIC_Stop          user_iic.o
    0x08001214   0x08001214   0x00000058   Code   RO          284    i.IIC_Wait_Ack      user_iic.o
    0x0800126c   0x0800126c   0x00000048   Code   RO         1811    i.KEY_Init          key.o
    0x080012b4   0x080012b4   0x00000070   Code   RO         1883    i.LCD_Clear         user_ili9341_lcd.o
    0x08001324   0x08001324   0x00000068   Code   RO         1884    i.LCD_DisNum        user_ili9341_lcd.o
    0x0800138c   0x0800138c   0x00000070   Code   RO         1885    i.LCD_DispChar      user_ili9341_lcd.o
    0x080013fc   0x080013fc   0x0000003c   Code   RO         1886    i.LCD_DispStr       user_ili9341_lcd.o
    0x08001438   0x08001438   0x0000005e   Code   RO         1887    i.LCD_FSMC_Config   user_ili9341_lcd.o
    0x08001496   0x08001496   0x00000002   PAD
    0x08001498   0x08001498   0x000000c0   Code   RO         1888    i.LCD_GPIO_Config   user_ili9341_lcd.o
    0x08001558   0x08001558   0x00000014   Code   RO         1890    i.LCD_Init          user_ili9341_lcd.o
    0x0800156c   0x0800156c   0x00000050   Code   RO         1891    i.LCD_OpenWindow    user_ili9341_lcd.o
    0x080015bc   0x080015bc   0x00000178   Code   RO         1893    i.LCD_REG_Config    user_ili9341_lcd.o
    0x08001734   0x08001734   0x00000028   Code   RO         1894    i.LCD_Rst           user_ili9341_lcd.o
    0x0800175c   0x0800175c   0x00000004   Code   RO          169    i.MemManage_Handler  stm32f10x_it.o
    0x08001760   0x08001760   0x000000fe   Code   RO         1838    i.My_EXTI_Init      exti.o
    0x0800185e   0x0800185e   0x00000002   Code   RO          170    i.NMI_Handler       stm32f10x_it.o
    0x08001860   0x08001860   0x00000070   Code   RO          664    i.NVIC_Init         misc.o
    0x080018d0   0x080018d0   0x00000014   Code   RO          665    i.NVIC_PriorityGroupConfig  misc.o
    0x080018e4   0x080018e4   0x0000000c   Code   RO          754    i.PWR_BackupAccessCmd  stm32f10x_pwr.o
    0x080018f0   0x080018f0   0x00000002   Code   RO          171    i.PendSV_Handler    stm32f10x_it.o
    0x080018f2   0x080018f2   0x00000002   PAD
    0x080018f4   0x080018f4   0x00000020   Code   RO          465    i.RCC_AHBPeriphClockCmd  stm32f10x_rcc.o
    0x08001914   0x08001914   0x00000020   Code   RO          466    i.RCC_APB1PeriphClockCmd  stm32f10x_rcc.o
    0x08001934   0x08001934   0x00000020   Code   RO          467    i.RCC_APB1PeriphResetCmd  stm32f10x_rcc.o
    0x08001954   0x08001954   0x00000020   Code   RO          468    i.RCC_APB2PeriphClockCmd  stm32f10x_rcc.o
    0x08001974   0x08001974   0x00000020   Code   RO          469    i.RCC_APB2PeriphResetCmd  stm32f10x_rcc.o
    0x08001994   0x08001994   0x0000000c   Code   RO          471    i.RCC_BackupResetCmd  stm32f10x_rcc.o
    0x080019a0   0x080019a0   0x00000014   Code   RO          472    i.RCC_ClearFlag     stm32f10x_rcc.o
    0x080019b4   0x080019b4   0x000000d4   Code   RO          476    i.RCC_GetClocksFreq  stm32f10x_rcc.o
    0x08001a88   0x08001a88   0x0000003c   Code   RO          477    i.RCC_GetFlagStatus  stm32f10x_rcc.o
    0x08001ac4   0x08001ac4   0x00000034   Code   RO          484    i.RCC_LSEConfig     stm32f10x_rcc.o
    0x08001af8   0x08001af8   0x0000000c   Code   RO          491    i.RCC_RTCCLKCmd     stm32f10x_rcc.o
    0x08001b04   0x08001b04   0x00000010   Code   RO          492    i.RCC_RTCCLKConfig  stm32f10x_rcc.o
    0x08001b14   0x08001b14   0x000000ec   Code   RO         2449    i.RS485_Init        user_usart.o
    0x08001c00   0x08001c00   0x00000014   Code   RO         1622    i.RTC_EnterConfigMode  stm32f10x_rtc.o
    0x08001c14   0x08001c14   0x00000014   Code   RO         1623    i.RTC_ExitConfigMode  stm32f10x_rtc.o
    0x08001c28   0x08001c28   0x00000014   Code   RO         1624    i.RTC_GetCounter    stm32f10x_rtc.o
    0x08001c3c   0x08001c3c   0x00000020   Code   RO         1628    i.RTC_ITConfig      stm32f10x_rtc.o
    0x08001c5c   0x08001c5c   0x0000010c   Code   RO         2473    i.RTC_Init          user_rtc.o
    0x08001d68   0x08001d68   0x00000134   Code   RO         2474    i.RTC_ReadClock     user_rtc.o
    0x08001e9c   0x08001e9c   0x0000001c   Code   RO         1630    i.RTC_SetCounter    stm32f10x_rtc.o
    0x08001eb8   0x08001eb8   0x00000020   Code   RO         1631    i.RTC_SetPrescaler  stm32f10x_rtc.o
    0x08001ed8   0x08001ed8   0x00000014   Code   RO         1632    i.RTC_WaitForLastTask  stm32f10x_rtc.o
    0x08001eec   0x08001eec   0x00000024   Code   RO         1633    i.RTC_WaitForSynchro  stm32f10x_rtc.o
    0x08001f10   0x08001f10   0x00000104   Code   RO         2475    i.RTC_WriteClock    user_rtc.o
    0x08002014   0x08002014   0x0000002c   Code   RO         2194    i.SHT3X_CalcRH      sht30.o
    0x08002040   0x08002040   0x00000038   Code   RO         2195    i.SHT3X_CalcTemperature  sht30.o
    0x08002078   0x08002078   0x00000014   Code   RO         2196    i.SHT3X_Init        sht30.o
    0x0800208c   0x0800208c   0x0000000c   Code   RO         2198    i.SHT3X_SetPeriodicMeasurement  sht30.o
    0x08002098   0x08002098   0x000002c4   Code   RO         2199    i.SHT3X_TEST        sht30.o
    0x0800235c   0x0800235c   0x0000003e   Code   RO         2200    i.SHT3X_WriteCMD    sht30.o
    0x0800239a   0x0800239a   0x0000004a   Code   RO         2201    i.SHT3x_CheckCrc    sht30.o
    0x080023e4   0x080023e4   0x000000aa   Code   RO         2202    i.SHX3X_ReadResults  sht30.o
    0x0800248e   0x0800248e   0x00000002   Code   RO          172    i.SVC_Handler       stm32f10x_it.o
    0x08002490   0x08002490   0x00000008   Code   RO         1734    i.SetSysClock       system_stm32f10x.o
    0x08002498   0x08002498   0x000000e0   Code   RO         1735    i.SetSysClockTo72   system_stm32f10x.o
    0x08002578   0x08002578   0x00000028   Code   RO          668    i.SysTick_CLKSourceConfig  misc.o
    0x080025a0   0x080025a0   0x00000002   Code   RO          173    i.SysTick_Handler   stm32f10x_it.o
    0x080025a2   0x080025a2   0x00000002   PAD
    0x080025a4   0x080025a4   0x0000003c   Code   RO         2291    i.SysTick_Init      systick_1.o
    0x080025e0   0x080025e0   0x00000060   Code   RO         1737    i.SystemInit        system_stm32f10x.o
    0x08002640   0x08002640   0x0000002c   Code   RO          251    i.TIM3_IRQHandler   user_timer.o
    0x0800266c   0x0800266c   0x00000078   Code   RO          252    i.TIM3_Init         user_timer.o
    0x080026e4   0x080026e4   0x00000006   Code   RO          824    i.TIM_ClearFlag     stm32f10x_tim.o
    0x080026ea   0x080026ea   0x00000018   Code   RO          830    i.TIM_Cmd           stm32f10x_tim.o
    0x08002702   0x08002702   0x00000002   PAD
    0x08002704   0x08002704   0x000001e8   Code   RO          835    i.TIM_DeInit        stm32f10x_tim.o
    0x080028ec   0x080028ec   0x00000012   Code   RO          855    i.TIM_ITConfig      stm32f10x_tim.o
    0x080028fe   0x080028fe   0x00000002   PAD
    0x08002900   0x08002900   0x000000a4   Code   RO          901    i.TIM_TimeBaseInit  stm32f10x_tim.o
    0x080029a4   0x080029a4   0x00000084   Code   RO         2320    i.USART1_IRQHandler  usart.o
    0x08002a28   0x08002a28   0x000000b0   Code   RO         2321    i.USART1_Init       usart.o
    0x08002ad8   0x08002ad8   0x00000074   Code   RO         2322    i.USART2_IRQHandler  usart.o
    0x08002b4c   0x08002b4c   0x000000cc   Code   RO         2323    i.USART2_Init       usart.o
    0x08002c18   0x08002c18   0x000001bc   Code   RO         2326    i.USART3_IRQHandler  usart.o
    0x08002dd4   0x08002dd4   0x00000094   Code   RO         2327    i.USART3_Init       usart.o
    0x08002e68   0x08002e68   0x00000012   Code   RO         1362    i.USART_ClearFlag   stm32f10x_usart.o
    0x08002e7a   0x08002e7a   0x0000001e   Code   RO         1363    i.USART_ClearITPendingBit  stm32f10x_usart.o
    0x08002e98   0x08002e98   0x00000022   Code   RO         1364    i.USART_ClockInit   stm32f10x_usart.o
    0x08002eba   0x08002eba   0x00000018   Code   RO         1366    i.USART_Cmd         stm32f10x_usart.o
    0x08002ed2   0x08002ed2   0x00000002   PAD
    0x08002ed4   0x08002ed4   0x0000009c   Code   RO         1368    i.USART_DeInit      stm32f10x_usart.o
    0x08002f70   0x08002f70   0x0000001a   Code   RO         1369    i.USART_GetFlagStatus  stm32f10x_usart.o
    0x08002f8a   0x08002f8a   0x00000054   Code   RO         1370    i.USART_GetITStatus  stm32f10x_usart.o
    0x08002fde   0x08002fde   0x0000004a   Code   RO         1372    i.USART_ITConfig    stm32f10x_usart.o
    0x08003028   0x08003028   0x000000d8   Code   RO         1373    i.USART_Init        stm32f10x_usart.o
    0x08003100   0x08003100   0x0000000a   Code   RO         1380    i.USART_ReceiveData  stm32f10x_usart.o
    0x0800310a   0x0800310a   0x00000008   Code   RO         1383    i.USART_SendData    stm32f10x_usart.o
    0x08003112   0x08003112   0x00000004   Code   RO          174    i.UsageFault_Handler  stm32f10x_it.o
    0x08003116   0x08003116   0x00000002   PAD
    0x08003118   0x08003118   0x000000e4   Code   RO         2143    i.WiFi_GetIP        esp8266.o
    0x080031fc   0x080031fc   0x00000348   Code   RO         2144    i.WiFi_InitServer   esp8266.o
    0x08003544   0x08003544   0x000000d0   Code   RO         2145    i.WiFi_JoinAP       esp8266.o
    0x08003614   0x08003614   0x00000068   Code   RO         2147    i.WiFi_SendCmd      esp8266.o
    0x0800367c   0x0800367c   0x00000020   Code   RO         2754    i.__0printf         mc_w.l(printfa.o)
    0x0800369c   0x0800369c   0x00000028   Code   RO         2756    i.__0sprintf        mc_w.l(printfa.o)
    0x080036c4   0x080036c4   0x00000024   Code   RO         2760    i.__0vsprintf       mc_w.l(printfa.o)
    0x080036e8   0x080036e8   0x00000008   Code   RO         2829    i.__aeabi_errno_addr  mc_w.l(errno.o)
    0x080036f0   0x080036f0   0x0000000e   Code   RO         2887    i.__scatterload_copy  mc_w.l(handlers.o)
    0x080036fe   0x080036fe   0x00000002   Code   RO         2888    i.__scatterload_null  mc_w.l(handlers.o)
    0x08003700   0x08003700   0x0000000e   Code   RO         2889    i.__scatterload_zeroinit  mc_w.l(handlers.o)
    0x0800370e   0x0800370e   0x00000002   PAD
    0x08003710   0x08003710   0x00000184   Code   RO         2761    i._fp_digits        mc_w.l(printfa.o)
    0x08003894   0x08003894   0x000006dc   Code   RO         2762    i._printf_core      mc_w.l(printfa.o)
    0x08003f70   0x08003f70   0x00000024   Code   RO         2763    i._printf_post_padding  mc_w.l(printfa.o)
    0x08003f94   0x08003f94   0x0000002e   Code   RO         2764    i._printf_pre_padding  mc_w.l(printfa.o)
    0x08003fc2   0x08003fc2   0x0000000a   Code   RO         2766    i._sputc            mc_w.l(printfa.o)
    0x08003fcc   0x08003fcc   0x00000040   Code   RO         2115    i.damp              device.o
    0x0800400c   0x0800400c   0x0000004c   Code   RO         2292    i.delay_ms          systick_1.o
    0x08004058   0x08004058   0x00000068   Code   RO         2328    i.esp8266_init      usart.o
    0x080040c0   0x080040c0   0x00000024   Code   RO         2451    i.fputc             user_usart.o
    0x080040e4   0x080040e4   0x00000058   Code   RO         2116    i.heat              device.o
    0x0800413c   0x0800413c   0x00000390   Code   RO            1    i.main              main.o
    0x080044cc   0x080044cc   0x00000040   Code   RO         2117    i.opendoor          device.o
    0x0800450c   0x0800450c   0x00000012   Code   RO         1897    i.sw_delay_ms       user_ili9341_lcd.o
    0x0800451e   0x0800451e   0x00000012   Code   RO         2203    i.sw_delay_ms       sht30.o
    0x08004530   0x08004530   0x00000090   Code   RO            2    i.sw_delay_us       main.o
    0x080045c0   0x080045c0   0x00000090   Code   RO          285    i.sw_delay_us       user_iic.o
    0x08004650   0x08004650   0x00000090   Code   RO         1898    i.sw_delay_us       user_ili9341_lcd.o
    0x080046e0   0x080046e0   0x00000090   Code   RO         2204    i.sw_delay_us       sht30.o
    0x08004770   0x08004770   0x0000005c   Code   RO         2330    i.u3_printf         usart.o
    0x080047cc   0x080047cc   0x00000474   Data   RO         1899    .constdata          user_ili9341_lcd.o
    0x08004c40   0x08004c40   0x0000000c   Data   RO         2476    .constdata          user_rtc.o
    0x08004c4c   0x08004c4c   0x00000081   Data   RO         2854    .constdata          mc_w.l(ctype_o.o)
    0x08004ccd   0x08004ccd   0x00000003   PAD
    0x08004cd0   0x08004cd0   0x00000004   Data   RO         2855    .constdata          mc_w.l(ctype_o.o)
    0x08004cd4   0x08004cd4   0x00000181   Data   RO         2149    .conststring        esp8266.o
    0x08004e55   0x08004e55   0x00000003   PAD
    0x08004e58   0x08004e58   0x000002c2   Data   RO         2205    .conststring        sht30.o
    0x0800511a   0x0800511a   0x00000002   PAD
    0x0800511c   0x0800511c   0x000000e1   Data   RO         2332    .conststring        usart.o
    0x080051fd   0x080051fd   0x00000003   PAD
    0x08005200   0x08005200   0x00000020   Data   RO         2885    Region$$Table       anon$$obj.o


    Execution Region RW_IRAM1 (Exec base: 0x20000000, Load base: 0x08005220, Size: 0x00000c70, Max: 0x00010000, ABSOLUTE)

    Exec Addr    Load Addr    Size         Type   Attr      Idx    E Section Name        Object

    0x20000000   0x08005220   0x00000031   Data   RW            4    .data               main.o
    0x20000031   0x08005251   0x00000014   Data   RW          496    .data               stm32f10x_rcc.o
    0x20000045   0x08005265   0x00000003   PAD
    0x20000048   0x08005268   0x0000000e   Data   RW         2206    .data               sht30.o
    0x20000056   0x08005276   0x00000004   Data   RW         2294    .data               systick_1.o
    0x2000005a   0x0800527a   0x0000000a   Data   RW         2477    .data               user_rtc.o
    0x20000064   0x08005284   0x00000004   Data   RW         2820    .data               mc_w.l(stdout.o)
    0x20000068   0x08005288   0x00000004   Data   RW         2832    .data               mc_w.l(errno.o)
    0x2000006c        -       0x00000400   Zero   RW            3    .bss                main.o
    0x2000046c   0x0800528c   0x00000004   PAD
    0x20000470        -       0x00000400   Zero   RW         2331    .bss                usart.o
    0x20000870        -       0x00000400   Zero   RW          342    STACK               startup_stm32f10x_hd.o


==============================================================================

Image component sizes


      Code (inc. data)   RO Data    RW Data    ZI Data      Debug   Object Name

       216         26          0          0          0       1677   device.o
      1380        764        385          0          0       2960   esp8266.o
       354         22          0          0          0       4332   exti.o
        72          8          0          0          0        519   key.o
       228         28          0          0          0       2032   led.o
      1056        174          0         49       1024     266835   main.o
       172         22          0          0          0       2361   misc.o
      1308        168        706         14          0       7271   sht30.o
        36          8        304          0       1024        856   startup_stm32f10x_hd.o
        72         10          0          0          0       2992   stm32f10x_bkp.o
       160         12          0          0          0       1729   stm32f10x_exti.o
       282          6          0          0          0       2045   stm32f10x_fsmc.o
       368          4          0          0          0       4714   stm32f10x_gpio.o
        26          0          0          0          0     209002   stm32f10x_it.o
        12          6          0          0          0        582   stm32f10x_pwr.o
       544         82          0         20          0      10320   stm32f10x_rcc.o
       208         40          0          0          0       4634   stm32f10x_rtc.o
       700        106          0          0          0       4097   stm32f10x_tim.o
       680         28          0          0          0       9462   stm32f10x_usart.o
       328         28          0          0          0       2073   system_stm32f10x.o
       136         12          0          4          0       1318   systick_1.o
      1416        234        225          0       1024       6861   usart.o
       700         38          0          0          0       4991   user_iic.o
      1352         40       1140          0          0       9137   user_ili9341_lcd.o
       836        108         12         10          0       3677   user_rtc.o
       164         16          0          0          0       1078   user_timer.o
       272         18          0          0          0       1357   user_usart.o

    ----------------------------------------------------------------------
     13096       2008       2812        100       3076     568912   Object Totals
         0          0         32          0          0          0   (incl. Generated)
        18          0          8          3          4          0   (incl. Padding)

    ----------------------------------------------------------------------

      Code (inc. data)   RO Data    RW Data    ZI Data      Debug   Library Member Name

        28          0          0          0          0         68   _chval.o
       158          0          0          0          0         92   _strtoul.o
        26          0          0          0          0         80   atoi.o
         8          4        133          0          0         68   ctype_o.o
         0          0          0          0          0          0   entry.o
         0          0          0          0          0          0   entry10a.o
         0          0          0          0          0          0   entry11a.o
         8          4          0          0          0          0   entry2.o
         4          0          0          0          0          0   entry5.o
         0          0          0          0          0          0   entry7b.o
         0          0          0          0          0          0   entry8b.o
         8          4          0          0          0          0   entry9a.o
         8          4          0          4          0         68   errno.o
        30          0          0          0          0          0   handlers.o
        36          8          0          0          0         68   init.o
         0          0          0          0          0          0   iusefp.o
        30          0          0          0          0         68   llshl.o
        36          0          0          0          0         68   llsshr.o
        32          0          0          0          0         68   llushr.o
        36          0          0          0          0         68   memcpya.o
        36          0          0          0          0        108   memseta.o
      2344        102          0          0          0        684   printfa.o
         0          0          0          4          0          0   stdout.o
        28          0          0          0          0         76   strcmp.o
        18          0          0          0          0         68   strcpy.o
        14          0          0          0          0         68   strlen.o
        36          0          0          0          0         80   strstr.o
       112          0          0          0          0         88   strtol.o
        44          0          0          0          0         80   uidiv.o
        98          0          0          0          0         92   uldiv.o
        48          0          0          0          0         68   cdrcmple.o
        56          0          0          0          0         88   d2f.o
       334          0          0          0          0        148   dadd.o
       222          0          0          0          0        100   ddiv.o
       186          0          0          0          0        176   depilogue.o
        48          0          0          0          0         68   dfixul.o
        26          0          0          0          0         76   dfltui.o
       228          0          0          0          0         96   dmul.o
        38          0          0          0          0         68   f2d.o
       176          0          0          0          0        140   fadd.o
       124          0          0          0          0         88   fdiv.o
       110          0          0          0          0        168   fepilogue.o
        50          0          0          0          0         68   ffixi.o
        40          0          0          0          0         68   ffixui.o
        10          0          0          0          0         68   ffltui.o
       100          0          0          0          0         76   fmul.o

    ----------------------------------------------------------------------
      4980        126        136          8          0       3624   Library Totals
         6          0          3          0          0          0   (incl. Padding)

    ----------------------------------------------------------------------

      Code (inc. data)   RO Data    RW Data    ZI Data      Debug   Library Name

      3178        126        133          8          0       2060   mc_w.l
      1796          0          0          0          0       1564   mf_w.l

    ----------------------------------------------------------------------
      4980        126        136          8          0       3624   Library Totals

    ----------------------------------------------------------------------

==============================================================================


      Code (inc. data)   RO Data    RW Data    ZI Data      Debug   

     18076       2134       2948        108       3076     564108   Grand Totals
     18076       2134       2948        108       3076     564108   ELF Image Totals
     18076       2134       2948        108          0          0   ROM Totals

==============================================================================

    Total RO  Size (Code + RO Data)                21024 (  20.53kB)
    Total RW  Size (RW Data + ZI Data)              3184 (   3.11kB)
    Total ROM Size (Code + RO Data + RW Data)      21132 (  20.64kB)

==============================================================================

